Archive member included to satisfy reference by file (symbol)

c:/program files (x86)/atmel/studio/7.0/toolchain/avr8/avr8-gnu-toolchain/bin/../lib/gcc/avr/4.9.2/../../../../avr/lib/avrxmega6\libprintf_flt.a(vfprintf_flt.o)
                              (vfprintf)
c:/program files (x86)/atmel/studio/7.0/toolchain/avr8/avr8-gnu-toolchain/bin/../lib/gcc/avr/4.9.2/avrxmega6\libgcc.a(_udivmodhi4.o)
                              src/tools/RingBuffer.o (__udivmodhi4)
c:/program files (x86)/atmel/studio/7.0/toolchain/avr8/avr8-gnu-toolchain/bin/../lib/gcc/avr/4.9.2/avrxmega6\libgcc.a(_udivmodsi4.o)
                              src/ASF/xmega/drivers/usart/usart.o (__udivmodsi4)
c:/program files (x86)/atmel/studio/7.0/toolchain/avr8/avr8-gnu-toolchain/bin/../lib/gcc/avr/4.9.2/avrxmega6\libgcc.a(_exit.o)
                              c:/program files (x86)/atmel/studio/7.0/toolchain/avr8/avr8-gnu-toolchain/bin/../lib/gcc/avr/4.9.2/../../../../avr/lib/avrxmega6/crtatxmega256a3.o (exit)
c:/program files (x86)/atmel/studio/7.0/toolchain/avr8/avr8-gnu-toolchain/bin/../lib/gcc/avr/4.9.2/avrxmega6\libgcc.a(_copy_data.o)
                              src/tools/RingBuffer.o (__do_copy_data)
c:/program files (x86)/atmel/studio/7.0/toolchain/avr8/avr8-gnu-toolchain/bin/../lib/gcc/avr/4.9.2/avrxmega6\libgcc.a(_clear_bss.o)
                              src/ASF/common/utils/stdio/read.o (__do_clear_bss)
c:/program files (x86)/atmel/studio/7.0/toolchain/avr8/avr8-gnu-toolchain/bin/../lib/gcc/avr/4.9.2/avrxmega6\libgcc.a(_muldi3.o)
                              src/drivers/MS56XX.o (__muldi3)
c:/program files (x86)/atmel/studio/7.0/toolchain/avr8/avr8-gnu-toolchain/bin/../lib/gcc/avr/4.9.2/avrxmega6\libgcc.a(_muldi3_6.o)
                              c:/program files (x86)/atmel/studio/7.0/toolchain/avr8/avr8-gnu-toolchain/bin/../lib/gcc/avr/4.9.2/avrxmega6\libgcc.a(_muldi3.o) (__muldi3_6)
c:/program files (x86)/atmel/studio/7.0/toolchain/avr8/avr8-gnu-toolchain/bin/../lib/gcc/avr/4.9.2/avrxmega6\libgcc.a(_divdi3.o)
                              src/drivers/MS56XX.o (__divdi3)
c:/program files (x86)/atmel/studio/7.0/toolchain/avr8/avr8-gnu-toolchain/bin/../lib/gcc/avr/4.9.2/avrxmega6\libgcc.a(_udivdi3.o)
                              c:/program files (x86)/atmel/studio/7.0/toolchain/avr8/avr8-gnu-toolchain/bin/../lib/gcc/avr/4.9.2/avrxmega6\libgcc.a(_divdi3.o) (__udivdi3_umoddi3)
c:/program files (x86)/atmel/studio/7.0/toolchain/avr8/avr8-gnu-toolchain/bin/../lib/gcc/avr/4.9.2/avrxmega6\libgcc.a(_udivmod64.o)
                              c:/program files (x86)/atmel/studio/7.0/toolchain/avr8/avr8-gnu-toolchain/bin/../lib/gcc/avr/4.9.2/avrxmega6\libgcc.a(_divdi3.o) (__udivmod64)
c:/program files (x86)/atmel/studio/7.0/toolchain/avr8/avr8-gnu-toolchain/bin/../lib/gcc/avr/4.9.2/avrxmega6\libgcc.a(_negdi2.o)
                              c:/program files (x86)/atmel/studio/7.0/toolchain/avr8/avr8-gnu-toolchain/bin/../lib/gcc/avr/4.9.2/avrxmega6\libgcc.a(_divdi3.o) (__negdi2)
c:/program files (x86)/atmel/studio/7.0/toolchain/avr8/avr8-gnu-toolchain/bin/../lib/gcc/avr/4.9.2/avrxmega6\libgcc.a(_prologue.o)
                              c:/program files (x86)/atmel/studio/7.0/toolchain/avr8/avr8-gnu-toolchain/bin/../lib/gcc/avr/4.9.2/avrxmega6\libgcc.a(_divdi3.o) (__prologue_saves__)
c:/program files (x86)/atmel/studio/7.0/toolchain/avr8/avr8-gnu-toolchain/bin/../lib/gcc/avr/4.9.2/avrxmega6\libgcc.a(_epilogue.o)
                              c:/program files (x86)/atmel/studio/7.0/toolchain/avr8/avr8-gnu-toolchain/bin/../lib/gcc/avr/4.9.2/avrxmega6\libgcc.a(_divdi3.o) (__epilogue_restores__)
c:/program files (x86)/atmel/studio/7.0/toolchain/avr8/avr8-gnu-toolchain/bin/../lib/gcc/avr/4.9.2/avrxmega6\libgcc.a(_ashldi3.o)
                              src/drivers/MS56XX.o (__ashldi3)
c:/program files (x86)/atmel/studio/7.0/toolchain/avr8/avr8-gnu-toolchain/bin/../lib/gcc/avr/4.9.2/avrxmega6\libgcc.a(_ashrdi3.o)
                              src/drivers/MS56XX.o (__ashrdi3)
c:/program files (x86)/atmel/studio/7.0/toolchain/avr8/avr8-gnu-toolchain/bin/../lib/gcc/avr/4.9.2/avrxmega6\libgcc.a(_adddi3.o)
                              src/drivers/MS56XX.o (__adddi3)
c:/program files (x86)/atmel/studio/7.0/toolchain/avr8/avr8-gnu-toolchain/bin/../lib/gcc/avr/4.9.2/avrxmega6\libgcc.a(_adddi3_s8.o)
                              src/drivers/MS56XX.o (__adddi3_s8)
c:/program files (x86)/atmel/studio/7.0/toolchain/avr8/avr8-gnu-toolchain/bin/../lib/gcc/avr/4.9.2/avrxmega6\libgcc.a(_subdi3.o)
                              src/drivers/MS56XX.o (__subdi3)
c:/program files (x86)/atmel/studio/7.0/toolchain/avr8/avr8-gnu-toolchain/bin/../lib/gcc/avr/4.9.2/avrxmega6\libgcc.a(_cmpdi2_s8.o)
                              src/drivers/MS56XX.o (__cmpdi2_s8)
c:/program files (x86)/atmel/studio/7.0/toolchain/avr8/avr8-gnu-toolchain/bin/../lib/gcc/avr/4.9.2/avrxmega6\libgcc.a(_umulhisi3.o)
[...]
Memory Configuration

Name             Origin             Length             Attributes
text             0x00000000         0x00100000         xr
data             0x00802000         0x0000ffa0         rw !x
eeprom           0x00810000         0x00010000         rw !x
fuse             0x00820000         0x00000006         rw !x
lock             0x00830000         0x00000400         rw !x
signature        0x00840000         0x00000400         rw !x
user_signatures  0x00850000         0x00000400         rw !x
*default*        0x00000000         0xffffffff

Linker script and memory map

LOAD c:/program files (x86)/atmel/studio/7.0/toolchain/avr8/avr8-gnu-toolchain/bin/../lib/gcc/avr/4.9.2/../../../../avr/lib/avrxmega6/crtatxmega256a3.o
LOAD src/ASF/common/services/clock/xmega/sysclk.o
LOAD src/ASF/common/services/ioport/xmega/ioport_compat.o
LOAD src/ASF/common/services/serial/usart_serial.o
LOAD src/ASF/common/utils/stdio/read.o
LOAD src/ASF/common/utils/stdio/write.o
LOAD src/ASF/xmega/drivers/cpu/ccp.o
LOAD src/ASF/xmega/drivers/usart/usart.o
LOAD src/drivers/MS56XX.o
LOAD src/drivers/SPI.o
LOAD src/tools/RingBuffer.o
LOAD src/ASF/xmega/boards/xmega_a1_xplained/init.o
LOAD src/drivers/uart_tools.o
LOAD src/main.o
START GROUP
LOAD c:/program files (x86)/atmel/studio/7.0/toolchain/avr8/avr8-gnu-toolchain/bin/../lib/gcc/avr/4.9.2/../../../../avr/lib/avrxmega6\libm.a
LOAD c:/program files (x86)/atmel/studio/7.0/toolchain/avr8/avr8-gnu-toolchain/bin/../lib/gcc/avr/4.9.2/../../../../avr/lib/avrxmega6\libprintf_flt.a
END GROUP
Address of section .BOOT set to 0x20000
START GROUP
LOAD c:/program files (x86)/atmel/studio/7.0/toolchain/avr8/avr8-gnu-toolchain/bin/../lib/gcc/avr/4.9.2/avrxmega6\libgcc.a
LOAD c:/program files (x86)/atmel/studio/7.0/toolchain/avr8/avr8-gnu-toolchain/bin/../lib/gcc/avr/4.9.2/../../../../avr/lib/avrxmega6\libm.a
LOAD c:/program files (x86)/atmel/studio/7.0/toolchain/avr8/avr8-gnu-toolchain/bin/../lib/gcc/avr/4.9.2/../../../../avr/lib/avrxmega6\libc.a
LOAD c:/program files (x86)/atmel/studio/7.0/toolchain/avr8/avr8-gnu-toolchain/bin/../lib/gcc/avr/4.9.2/../../../../avr/lib/avrxmega6\libatxmega256a3.a
END GROUP
                0x00100000                __TEXT_REGION_LENGTH__ = DEFINED (__TEXT_REGION_LENGTH__)?__TEXT_REGION_LENGTH__:0x100000
                0x0000ffa0                __DATA_REGION_LENGTH__ = DEFINED (__DATA_REGION_LENGTH__)?__DATA_REGION_LENGTH__:0xffa0
                0x00010000                __EEPROM_REGION_LENGTH__ = DEFINED (__EEPROM_REGION_LENGTH__)?__EEPROM_REGION_LENGTH__:0x10000
                [0x00000006]                __FUSE_REGION_LENGTH__ = DEFINED (__FUSE_REGION_LENGTH__)?__FUSE_REGION_LENGTH__:0x400
                0x00000400                __LOCK_REGION_LENGTH__ = DEFINED (__LOCK_REGION_LENGTH__)?__LOCK_REGION_LENGTH__:0x400
                0x00000400                __SIGNATURE_REGION_LENGTH__ = DEFINED (__SIGNATURE_REGION_LENGTH__)?__SIGNATURE_REGION_LENGTH__:0x400
                0x00000400                __USER_SIGNATURE_REGION_LENGTH__ = DEFINED (__USER_SIGNATURE_REGION_LENGTH__)?__USER_SIGNATURE_REGION_LENGTH__:0x400

.hash
 *(.hash)

.dynsym
 *(.dynsym)

.dynstr
 *(.dynstr)

.gnu.version
 *(.gnu.version)

.gnu.version_d
 *(.gnu.version_d)

.gnu.version_r
 *(.gnu.version_r)

.rel.init
 *(.rel.init)

.rela.init
 *(.rela.init)

.rel.text
 *(.rel.text)
 *(.rel.text.*)
 *(.rel.gnu.linkonce.t*)

.rela.text
 *(.rela.text)
 *(.rela.text.*)
 *(.rela.gnu.linkonce.t*)

.rel.fini
 *(.rel.fini)

.rela.fini
 *(.rela.fini)

.rel.rodata
 *(.rel.rodata)
 *(.rel.rodata.*)
 *(.rel.gnu.linkonce.r*)

.rela.rodata
 *(.rela.rodata)
 *(.rela.rodata.*)
 *(.rela.gnu.linkonce.r*)

.rel.data
 *(.rel.data)
 *(.rel.data.*)
 *(.rel.gnu.linkonce.d*)

.rela.data
 *(.rela.data)
 *(.rela.data.*)
 *(.rela.gnu.linkonce.d*)

.rel.ctors
 *(.rel.ctors)

.rela.ctors
 *(.rela.ctors)

.rel.dtors
 *(.rel.dtors)

.rela.dtors
 *(.rela.dtors)

.rel.got
 *(.rel.got)

.rela.got
 *(.rela.got)

.rel.bss
 *(.rel.bss)

.rela.bss
 *(.rela.bss)

.rel.plt
 *(.rel.plt)

.rela.plt
 *(.rela.plt)

.text           0x00000000     0x29d8
 *(.vectors)
 .vectors       0x00000000      0x1e8 c:/program files (x86)/atmel/studio/7.0/toolchain/avr8/avr8-gnu-toolchain/bin/../lib/gcc/avr/4.9.2/../../../../avr/lib/avrxmega6/crtatxmega256a3.o
                0x00000000                __vector_default
                0x00000000                __vectors
 *(.vectors)
 *(.progmem.gcc*)
                0x000001e8                . = ALIGN (0x2)
                0x000001e8                __trampolines_start = .
 *(.trampolines)
 .trampolines   0x000001e8        0x0 linker stubs
 *(.trampolines*)
                0x000001e8                __trampolines_end = .
 *libprintf_flt.a:*(.progmem.data)
 .progmem.data  0x000001e8        0x8 c:/program files (x86)/atmel/studio/7.0/toolchain/avr8/avr8-gnu-toolchain/bin/../lib/gcc/avr/4.9.2/../../../../avr/lib/avrxmega6\libprintf_flt.a(vfprintf_flt.o)
 *libc.a:*(.progmem.data)
 .progmem.data  0x000001f0       0xfa c:/program files (x86)/atmel/studio/7.0/toolchain/avr8/avr8-gnu-toolchain/bin/../lib/gcc/avr/4.9.2/../../../../avr/lib/avrxmega6\libc.a(ftoa_engine.o)
 *(.progmem*)
                0x000002ea                . = ALIGN (0x2)
 *(.jumptables)
 *(.jumptables*)
 *(.lowtext)
 *(.lowtext*)
                0x000002ea                __ctors_start = .
 *(.ctors)
                0x000002ea                __ctors_end = .
                0x000002ea                __dtors_start = .
 *(.dtors)
                0x000002ea                __dtors_end = .
 SORT(*)(.ctors)
 SORT(*)(.dtors)
 *(.init0)
 .init0         0x000002ea        0x0 c:/program files (x86)/atmel/studio/7.0/toolchain/avr8/avr8-gnu-toolchain/bin/../lib/gcc/avr/4.9.2/../../../../avr/lib/avrxmega6/crtatxmega256a3.o
                0x000002ea                __init
 *(.init0)
 *(.init1)
 *(.init1)
 *(.init2)
 .init2         0x000002ea       0x10 c:/program files (x86)/atmel/studio/7.0/toolchain/avr8/avr8-gnu-toolchain/bin/../lib/gcc/avr/4.9.2/../../../../avr/lib/avrxmega6/crtatxmega256a3.o
 *(.init2)
 *(.init3)
 *(.init3)
 *(.init4)
 .init4         0x000002fa       0x1a c:/program files (x86)/atmel/studio/7.0/toolchain/avr8/avr8-gnu-toolchain/bin/../lib/gcc/avr/4.9.2/avrxmega6\libgcc.a(_copy_data.o)
                0x000002fa                __do_copy_data
 .init4         0x00000314       0x10 c:/program files (x86)/atmel/studio/7.0/toolchain/avr8/avr8-gnu-toolchain/bin/../lib/gcc/avr/4.9.2/avrxmega6\libgcc.a(_clear_bss.o)
                0x00000314                __do_clear_bss
 *(.init4)
 *(.init5)
 *(.init5)
 *(.init6)
 *(.init6)
 *(.init7)
 *(.init7)
 *(.init8)
 *(.init8)
 *(.init9)
 .init9         0x00000324        0x8 c:/program files (x86)/atmel/studio/7.0/toolchain/avr8/avr8-gnu-toolchain/bin/../lib/gcc/avr/4.9.2/../../../../avr/lib/avrxmega6/crtatxmega256a3.o
 *(.init9)
 *(.text)
 .text          0x0000032c        0x2 c:/program files (x86)/atmel/studio/7.0/toolchain/avr8/avr8-gnu-toolchain/bin/../lib/gcc/avr/4.9.2/../../../../avr/lib/avrxmega6/crtatxmega256a3.o
                0x0000032c                __vector_38
                0x0000032c                __vector_104
                0x0000032c                __vector_22
                0x0000032c                __vector_63
                0x0000032c                __vector_28
                0x0000032c                __vector_67
                0x0000032c                __vector_1
                0x0000032c                __vector_119
                0x0000032c                __vector_32
                0x0000032c                __vector_75
                0x0000032c                __vector_71
                0x0000032c                __vector_91
                0x0000032c                __vector_34
                0x0000032c                __vector_62
                0x0000032c                __vector_77
                0x0000032c                __vector_102
                0x0000032c                __vector_24
                0x0000032c                __vector_12
                0x0000032c                __vector_55
                0x0000032c                __vector_69
                0x0000032c                __vector_81
                0x0000032c                __vector_90
                0x0000032c                __vector_46
                0x0000032c                __bad_interrupt
                0x0000032c                __vector_72
                0x0000032c                __vector_114
                0x0000032c                __vector_6
                0x0000032c                __vector_110
                0x0000032c                __vector_31
                0x0000032c                __vector_92
                0x0000032c                __vector_35
                0x0000032c                __vector_78
                0x0000032c                __vector_74
                0x0000032c                __vector_117
                0x0000032c                __vector_39
                0x0000032c                __vector_107
                0x0000032c                __vector_3
                0x0000032c                __vector_105
                0x0000032c                __vector_98
                0x0000032c                __vector_23
                0x0000032c                __vector_68
                0x0000032c                __vector_30
                0x0000032c                __vector_73
                0x0000032c                __vector_45
                0x0000032c                __vector_25
                0x0000032c                __vector_93
                0x0000032c                __vector_61
                0x0000032c                __vector_11
                0x0000032c                __vector_54
                0x0000032c                __vector_99
                0x0000032c                __vector_13
                0x0000032c                __vector_17
                0x0000032c                __vector_19
                0x0000032c                __vector_56
                0x0000032c                __vector_7
                0x0000032c                __vector_49
                0x0000032c                __vector_41
                0x0000032c                __vector_86
                0x0000032c                __vector_100
                0x0000032c                __vector_101
                0x0000032c                __vector_64
                0x0000032c                __vector_88
                0x0000032c                __vector_109
                0x0000032c                __vector_43
                0x0000032c                __vector_27
                0x0000032c                __vector_5
                0x0000032c                __vector_113
                0x0000032c                __vector_33
                0x0000032c                __vector_76
                0x0000032c                __vector_115
                0x0000032c                __vector_47
                0x0000032c                __vector_52
                0x0000032c                __vector_37
                0x0000032c                __vector_95
                0x0000032c                __vector_103
                0x0000032c                __vector_96
                0x0000032c                __vector_89
                0x0000032c                __vector_108
                0x0000032c                __vector_4
                0x0000032c                __vector_44
                0x0000032c                __vector_82
                0x0000032c                __vector_106
                0x0000032c                __vector_118
                0x0000032c                __vector_51
                0x0000032c                __vector_9
                0x0000032c                __vector_2
                0x0000032c                __vector_21
                0x0000032c                __vector_15
                0x0000032c                __vector_66
                0x0000032c                __vector_36
                0x0000032c                __vector_79
                0x0000032c                __vector_58
                0x0000032c                __vector_70
                0x0000032c                __vector_83
                0x0000032c                __vector_29
                0x0000032c                __vector_60
                0x0000032c                __vector_121
                0x0000032c                __vector_40
                0x0000032c                __vector_85
                0x0000032c                __vector_94
                0x0000032c                __vector_8
                0x0000032c                __vector_26
                0x0000032c                __vector_48
                0x0000032c                __vector_116
                0x0000032c                __vector_112
                0x0000032c                __vector_111
                0x0000032c                __vector_80
                0x0000032c                __vector_14
                0x0000032c                __vector_84
                0x0000032c                __vector_57
                0x0000032c                __vector_53
                0x0000032c                __vector_10
                0x0000032c                __vector_50
                0x0000032c                __vector_16
                0x0000032c                __vector_59
                0x0000032c                __vector_18
                0x0000032c                __vector_97
                0x0000032c                __vector_20
                0x0000032c                __vector_42
                0x0000032c                __vector_87
                0x0000032c                __vector_65
                0x0000032c                __vector_120
                0x0000032e                . = ALIGN (0x2)
 *(.text.*)
 .text.sysclk_init
                0x0000032e       0x4e src/ASF/common/services/clock/xmega/sysclk.o
                0x0000032e                sysclk_init
 .text.sysclk_enable_module
                0x0000037c       0x18 src/ASF/common/services/clock/xmega/sysclk.o
                0x0000037c                sysclk_enable_module
 .text._read    0x00000394       0x32 src/ASF/common/utils/stdio/read.o
                0x00000394                _read
 .text._write   0x000003c6       0x24 src/ASF/common/utils/stdio/write.o
                0x000003c6                _write
 .text.ccp_write_io
                0x000003ea        0xc src/ASF/xmega/drivers/cpu/ccp.o
                0x000003ea                ccp_write_io
 .text.usart_putchar
                0x000003f6       0x10 src/ASF/xmega/drivers/usart/usart.o
                0x000003f6                usart_putchar
 .text.usart_getchar
                0x00000406        0xc src/ASF/xmega/drivers/usart/usart.o
                0x00000406                usart_getchar
 .text.usart_set_baudrate
                0x00000412      0x232 src/ASF/xmega/drivers/usart/usart.o
                0x00000412                usart_set_baudrate
 .text.usart_init_rs232
                0x00000644      0x272 src/ASF/xmega/drivers/usart/usart.o
                0x00000644                usart_init_rs232
 .text.read16   0x000008b6       0x28 src/drivers/MS56XX.o
                0x000008b6                read16
 .text.read24   0x000008de       0x40 src/drivers/MS56XX.o
                0x000008de                read24
 .text.define_new_MS56XX
                0x0000091e        0xc src/drivers/MS56XX.o
                0x0000091e                define_new_MS56XX
 .text.pressureSensorReset
                0x0000092a       0x3a src/drivers/MS56XX.o
                0x0000092a                pressureSensorReset
 .text.calibratePressureSensor
                0x00000964       0xaa src/drivers/MS56XX.o
                0x00000964                calibratePressureSensor
 .text.readMS56XX
                0x00000a0e      0x746 src/drivers/MS56XX.o
                0x00000a0e                readMS56XX
 .text.spiread  0x00001154       0x10 src/drivers/SPI.o
                0x00001154                spiread
 .text.spiwrite
                0x00001164        0xc src/drivers/SPI.o
                0x00001164                spiwrite
 .text.spiselect
                0x00001170       0x28 src/drivers/SPI.o
                0x00001170                spiselect
 .text.spideselect
                0x00001198       0x28 src/drivers/SPI.o
                0x00001198                spideselect
 .text.enable_select_pin
                0x000011c0       0x2a src/drivers/SPI.o
                0x000011c0                enable_select_pin
 .text.initializespi
                0x000011ea      0x26a src/drivers/SPI.o
                0x000011ea                initializespi
 .text.board_init
                0x00001454        0x2 src/ASF/xmega/boards/xmega_a1_xplained/init.o
                0x00001454                board_init
 .text.usart_serial_getchar
                0x00001456       0x12 src/drivers/uart_tools.o
 .text.usart_serial_putchar
                0x00001468        0x6 src/drivers/uart_tools.o
 .text.UART_computer_init
                0x0000146e      0x434 src/drivers/uart_tools.o
                0x0000146e                UART_computer_init
 .text.main     0x000018a2       0x76 src/main.o
                0x000018a2                main
 .text.avr-libc
                0x00001918      0x704 c:/program files (x86)/atmel/studio/7.0/toolchain/avr8/avr8-gnu-toolchain/bin/../lib/gcc/avr/4.9.2/../../../../avr/lib/avrxmega6\libprintf_flt.a(vfprintf_flt.o)
                0x00001918                vfprintf
 .text.libgcc.div
                0x0000201c       0x44 c:/program files (x86)/atmel/studio/7.0/toolchain/avr8/avr8-gnu-toolchain/bin/../lib/gcc/avr/4.9.2/avrxmega6\libgcc.a(_udivmodsi4.o)
                0x0000201c                __udivmodsi4
 .text.libgcc.mul
                0x00002060       0x92 c:/program files (x86)/atmel/studio/7.0/toolchain/avr8/avr8-gnu-toolchain/bin/../lib/gcc/avr/4.9.2/avrxmega6\libgcc.a(_muldi3.o)
                0x00002060                __muldi3
 .text.libgcc.mul
                0x000020f2       0x10 c:/program files (x86)/atmel/studio/7.0/toolchain/avr8/avr8-gnu-toolchain/bin/../lib/gcc/avr/4.9.2/avrxmega6\libgcc.a(_muldi3_6.o)
                0x000020f2                __muldi3_6
 .text.libgcc.div
                0x00002102       0x56 c:/program files (x86)/atmel/studio/7.0/toolchain/avr8/avr8-gnu-toolchain/bin/../lib/gcc/avr/4.9.2/avrxmega6\libgcc.a(_divdi3.o)
                0x00002102                __moddi3
                0x00002106                __divdi3
                0x00002108                __divdi3_moddi3
 .text.libgcc.div
                0x00002158       0x1a c:/program files (x86)/atmel/studio/7.0/toolchain/avr8/avr8-gnu-toolchain/bin/../lib/gcc/avr/4.9.2/avrxmega6\libgcc.a(_udivdi3.o)
                0x00002158                __umoddi3
                0x0000215c                __udivdi3
                0x0000215e                __udivdi3_umoddi3
 .text.libgcc.div
                0x00002172       0xa2 c:/program files (x86)/atmel/studio/7.0/toolchain/avr8/avr8-gnu-toolchain/bin/../lib/gcc/avr/4.9.2/avrxmega6\libgcc.a(_udivmod64.o)
                0x00002172                __udivmod64
 .text.libgcc   0x00002214       0x20 c:/program files (x86)/atmel/studio/7.0/toolchain/avr8/avr8-gnu-toolchain/bin/../lib/gcc/avr/4.9.2/avrxmega6\libgcc.a(_negdi2.o)
                0x00002214                __negdi2
 .text.libgcc.prologue
                0x00002234       0x32 c:/program files (x86)/atmel/studio/7.0/toolchain/avr8/avr8-gnu-toolchain/bin/../lib/gcc/avr/4.9.2/avrxmega6\libgcc.a(_prologue.o)
                0x00002234                __prologue_saves__
 .text.libgcc.prologue
                0x00002266       0x30 c:/program files (x86)/atmel/studio/7.0/toolchain/avr8/avr8-gnu-toolchain/bin/../lib/gcc/avr/4.9.2/avrxmega6\libgcc.a(_epilogue.o)
                0x00002266                __epilogue_restores__
 .text.libgcc.builtins
                0x00002296       0x32 c:/program files (x86)/atmel/studio/7.0/toolchain/avr8/avr8-gnu-toolchain/bin/../lib/gcc/avr/4.9.2/avrxmega6\libgcc.a(_ashldi3.o)
                0x00002296                __ashldi3
 .text.libgcc.builtins
                0x000022c8       0x3c c:/program files (x86)/atmel/studio/7.0/toolchain/avr8/avr8-gnu-toolchain/bin/../lib/gcc/avr/4.9.2/avrxmega6\libgcc.a(_ashrdi3.o)
                0x000022c8                __ashrdi3
                0x000022cc                __lshrdi3
 .text.libgcc   0x00002304       0x12 c:/program files (x86)/atmel/studio/7.0/toolchain/avr8/avr8-gnu-toolchain/bin/../lib/gcc/avr/4.9.2/avrxmega6\libgcc.a(_adddi3.o)
                0x00002304                __adddi3
 .text.libgcc   0x00002316       0x18 c:/program files (x86)/atmel/studio/7.0/toolchain/avr8/avr8-gnu-toolchain/bin/../lib/gcc/avr/4.9.2/avrxmega6\libgcc.a(_adddi3_s8.o)
                0x00002316                __adddi3_s8
 .text.libgcc   0x0000232e       0x12 c:/program files (x86)/atmel/studio/7.0/toolchain/avr8/avr8-gnu-toolchain/bin/../lib/gcc/avr/4.9.2/avrxmega6\libgcc.a(_subdi3.o)
                0x0000232e                __subdi3
 .text.libgcc   0x00002340       0x18 c:/program files (x86)/atmel/studio/7.0/toolchain/avr8/avr8-gnu-toolchain/bin/../lib/gcc/avr/4.9.2/avrxmega6\libgcc.a(_cmpdi2_s8.o)
                0x00002340                __cmpdi2_s8
 .text.libgcc.mul
                0x00002358       0x1e c:/program files (x86)/atmel/studio/7.0/toolchain/avr8/avr8-gnu-toolchain/bin/../lib/gcc/avr/4.9.2/avrxmega6\libgcc.a(_umulhisi3.o)
                0x00002358                __umulhisi3
 .text.avr-libc
                0x00002376      0x1b0 c:/program files (x86)/atmel/studio/7.0/toolchain/avr8/avr8-gnu-toolchain/bin/../lib/gcc/avr/4.9.2/../../../../avr/lib/avrxmega6\libc.a(ftoa_engine.o)
                0x00002376                __ftoa_engine
 .text.avr-libc
                0x00002526       0x16 c:/program files (x86)/atmel/studio/7.0/toolchain/avr8/avr8-gnu-toolchain/bin/../lib/gcc/avr/4.9.2/../../../../avr/lib/avrxmega6\libc.a(strnlen_P.o)
                0x00002526                strnlen_P
 .text.avr-libc
                0x0000253c       0x16 c:/program files (x86)/atmel/studio/7.0/toolchain/avr8/avr8-gnu-toolchain/bin/../lib/gcc/avr/4.9.2/../../../../avr/lib/avrxmega6\libc.a(strnlen.o)
                0x0000253c                strnlen
 .text.avr-libc
                0x00002552       0x94 c:/program files (x86)/atmel/studio/7.0/toolchain/avr8/avr8-gnu-toolchain/bin/../lib/gcc/avr/4.9.2/../../../../avr/lib/avrxmega6\libc.a(fdevopen.o)
                0x00002552                fdevopen
 .text.avr-libc
                0x000025e6       0x70 c:/program files (x86)/atmel/studio/7.0/toolchain/avr8/avr8-gnu-toolchain/bin/../lib/gcc/avr/4.9.2/../../../../avr/lib/avrxmega6\libc.a(fputc.o)
                0x000025e6                fputc
 .text.avr-libc
                0x00002656       0x26 c:/program files (x86)/atmel/studio/7.0/toolchain/avr8/avr8-gnu-toolchain/bin/../lib/gcc/avr/4.9.2/../../../../avr/lib/avrxmega6\libc.a(printf.o)
                0x00002656                printf
 .text.avr-libc
                0x0000267c       0xbc c:/program files (x86)/atmel/studio/7.0/toolchain/avr8/avr8-gnu-toolchain/bin/../lib/gcc/avr/4.9.2/../../../../avr/lib/avrxmega6\libc.a(ultoa_invert.o)
                0x0000267c                __ultoa_invert
 .text.avr-libc
                0x00002738       0x34 c:/program files (x86)/atmel/studio/7.0/toolchain/avr8/avr8-gnu-toolchain/bin/../lib/gcc/avr/4.9.2/../../../../avr/lib/avrxmega6\libc.a(calloc.o)
                0x00002738                calloc
 .text.avr-libc
                0x0000276c      0x25a c:/program files (x86)/atmel/studio/7.0/toolchain/avr8/avr8-gnu-toolchain/bin/../lib/gcc/avr/4.9.2/../../../../avr/lib/avrxmega6\libc.a(malloc.o)
                0x0000276c                malloc
                0x00002896                free
 .text.avr-libc
                0x000029c6        0xe c:/program files (x86)/atmel/studio/7.0/toolchain/avr8/avr8-gnu-toolchain/bin/../lib/gcc/avr/4.9.2/../../../../avr/lib/avrxmega6\libc.a(memset.o)
                0x000029c6                memset
                0x000029d4                . = ALIGN (0x2)
 *(.fini9)
 .fini9         0x000029d4        0x0 c:/program files (x86)/atmel/studio/7.0/toolchain/avr8/avr8-gnu-toolchain/bin/../lib/gcc/avr/4.9.2/avrxmega6\libgcc.a(_exit.o)
                0x000029d4                _exit
                0x000029d4                exit
 *(.fini9)
 *(.fini8)
 *(.fini8)
 *(.fini7)
 *(.fini7)
 *(.fini6)
 *(.fini6)
 *(.fini5)
 *(.fini5)
 *(.fini4)
 *(.fini4)
 *(.fini3)
 *(.fini3)
 *(.fini2)
 *(.fini2)
 *(.fini1)
 *(.fini1)
 *(.fini0)
 .fini0         0x000029d4        0x4 c:/program files (x86)/atmel/studio/7.0/toolchain/avr8/avr8-gnu-toolchain/bin/../lib/gcc/avr/4.9.2/avrxmega6\libgcc.a(_exit.o)
 *(.fini0)
                0x000029d8                _etext = .

.data           0x00802000       0x32 load address 0x000029d8
                0x00802000                PROVIDE (__data_start, .)
 *(.data)
 .data          0x00802000        0x6 c:/program files (x86)/atmel/studio/7.0/toolchain/avr8/avr8-gnu-toolchain/bin/../lib/gcc/avr/4.9.2/../../../../avr/lib/avrxmega6\libc.a(malloc.o)
                0x00802000                __malloc_heap_end
                0x00802002                __malloc_heap_start
                0x00802004                __malloc_margin
 *(.data*)
 .data.options.4802
                0x00802006        0x7 src/drivers/uart_tools.o
 *(.rodata)
 *(.rodata*)
 .rodata.str1.1
                0x0080200d       0x25 src/main.o
 *(.gnu.linkonce.d*)
                0x00802032                . = ALIGN (0x2)
                0x00802032                _edata = .
                0x00802032                PROVIDE (__data_end, .)

.bss            0x00802032       0x10
                0x00802032                PROVIDE (__bss_start, .)
 *(.bss)
 *(.bss*)
 *(COMMON)
 COMMON         0x00802032        0x2 src/ASF/common/utils/stdio/read.o
                0x00802032                ptr_get
 COMMON         0x00802034        0x4 src/ASF/common/utils/stdio/write.o
                0x00802034                ptr_put
                0x00802036                stdio_base
 COMMON         0x00802038        0x6 c:/program files (x86)/atmel/studio/7.0/toolchain/avr8/avr8-gnu-toolchain/bin/../lib/gcc/avr/4.9.2/../../../../avr/lib/avrxmega6\libc.a(iob.o)
                0x00802038                __iob
 COMMON         0x0080203e        0x4 c:/program files (x86)/atmel/studio/7.0/toolchain/avr8/avr8-gnu-toolchain/bin/../lib/gcc/avr/4.9.2/../../../../avr/lib/avrxmega6\libc.a(malloc.o)
                0x0080203e                __brkval
                0x00802040                __flp
                0x00802042                PROVIDE (__bss_end, .)
                0x000029d8                __data_load_start = LOADADDR (.data)
                0x00002a0a                __data_load_end = (__data_load_start + SIZEOF (.data))

.noinit         0x00802042        0x0
                [!provide]                PROVIDE (__noinit_start, .)
 *(.noinit*)
                [!provide]                PROVIDE (__noinit_end, .)
                0x00802042                _end = .
                0x00802042                PROVIDE (__heap_start, .)

.eeprom         0x00810000        0x0
 *(.eeprom*)
                0x00810000                __eeprom_end = .

.fuse
 *(.fuse)
 *(.lfuse)
 *(.hfuse)
 *(.efuse)

.lock
 *(.lock*)

.signature
 *(.signature*)

.user_signatures
 *(.user_signatures*)

.stab
 *(.stab)

.stabstr
 *(.stabstr)

.stab.excl
 *(.stab.excl)

.stab.exclstr
 *(.stab.exclstr)

.stab.index
 *(.stab.index)

.stab.indexstr
 *(.stab.indexstr)

.comment        0x00000000       0x5c
 *(.comment)
 .comment       0x00000000       0x30 src/ASF/common/services/clock/xmega/sysclk.o
                                 0x31 (size before relaxing)
 .comment       0x00000030       0x31 src/ASF/common/utils/stdio/read.o
 .comment       0x00000030       0x31 src/ASF/common/utils/stdio/write.o
 .comment       0x00000030       0x31 src/ASF/xmega/drivers/usart/usart.o
 .comment       0x00000030       0x31 src/drivers/MS56XX.o
 .comment       0x00000030       0x31 src/drivers/SPI.o
 .comment       0x00000030       0x31 src/ASF/xmega/boards/xmega_a1_xplained/init.o
 .comment       0x00000030       0x31 src/drivers/uart_tools.o
 .comment       0x00000030       0x31 src/main.o
 .comment       0x00000030       0x2c c:/program files (x86)/atmel/studio/7.0/toolchain/avr8/avr8-gnu-toolchain/bin/../lib/gcc/avr/4.9.2/../../../../avr/lib/avrxmega6\libprintf_flt.a(vfprintf_flt.o)
                                 0x2d (size before relaxing)
 .comment       0x0000005c       0x31 c:/program files (x86)/atmel/studio/7.0/toolchain/avr8/avr8-gnu-toolchain/bin/../lib/gcc/avr/4.9.2/../../../../avr/lib/avrxmega6\libc.a(fdevopen.o)
 .comment       0x0000005c       0x31 c:/program files (x86)/atmel/studio/7.0/toolchain/avr8/avr8-gnu-toolchain/bin/../lib/gcc/avr/4.9.2/../../../../avr/lib/avrxmega6\libc.a(fputc.o)
 .comment       0x0000005c       0x31 c:/program files (x86)/atmel/studio/7.0/toolchain/avr8/avr8-gnu-toolchain/bin/../lib/gcc/avr/4.9.2/../../../../avr/lib/avrxmega6\libc.a(iob.o)
 .comment       0x0000005c       0x31 c:/program files (x86)/atmel/studio/7.0/toolchain/avr8/avr8-gnu-toolchain/bin/../lib/gcc/avr/4.9.2/../../../../avr/lib/avrxmega6\libc.a(printf.o)
 .comment       0x0000005c       0x31 c:/program files (x86)/atmel/studio/7.0/toolchain/avr8/avr8-gnu-toolchain/bin/../lib/gcc/avr/4.9.2/../../../../avr/lib/avrxmega6\libc.a(calloc.o)
 .comment       0x0000005c       0x31 c:/program files (x86)/atmel/studio/7.0/toolchain/avr8/avr8-gnu-toolchain/bin/../lib/gcc/avr/4.9.2/../../../../avr/lib/avrxmega6\libc.a(malloc.o)

.note.gnu.avr.deviceinfo
                0x00000000       0x40
 .note.gnu.avr.deviceinfo
                0x00000000       0x40 c:/program files (x86)/atmel/studio/7.0/toolchain/avr8/avr8-gnu-toolchain/bin/../lib/gcc/avr/4.9.2/../../../../avr/lib/avrxmega6/crtatxmega256a3.o

.note.gnu.build-id
 *(.note.gnu.build-id)

.debug
 *(.debug)

.line
 *(.line)

.debug_srcinfo
 *(.debug_srcinfo)

.debug_sfnames
 *(.debug_sfnames)

.debug_aranges  0x00000000      0x1e8
 *(.debug_aranges)
 .debug_aranges
                0x00000000       0x30 src/ASF/common/services/clock/xmega/sysclk.o
 .debug_aranges
                0x00000030       0x20 src/ASF/common/utils/stdio/read.o
 .debug_aranges
                0x00000050       0x20 src/ASF/common/utils/stdio/write.o
 .debug_aranges
                0x00000070       0x20 src/ASF/xmega/drivers/cpu/ccp.o
 .debug_aranges
                0x00000090       0x58 src/ASF/xmega/drivers/usart/usart.o
 .debug_aranges
                0x000000e8       0x48 src/drivers/MS56XX.o
 .debug_aranges
                0x00000130       0x48 src/drivers/SPI.o
 .debug_aranges
                0x00000178       0x20 src/ASF/xmega/boards/xmega_a1_xplained/init.o
 .debug_aranges
                0x00000198       0x30 src/drivers/uart_tools.o
 .debug_aranges
                0x000001c8       0x20 src/main.o

.debug_pubnames
 *(.debug_pubnames)

.debug_info     0x00000000     0xbfd0
 *(.debug_info .gnu.linkonce.wi.*)
 .debug_info    0x00000000     0x2c3e c:/program files (x86)/atmel/studio/7.0/toolchain/avr8/avr8-gnu-toolchain/bin/../lib/gcc/avr/4.9.2/../../../../avr/lib/avrxmega6/crtatxmega256a3.o
 .debug_info    0x00002c3e      0x67c src/ASF/common/services/clock/xmega/sysclk.o
 .debug_info    0x000032ba      0x119 src/ASF/common/utils/stdio/read.o
 .debug_info    0x000033d3      0x119 src/ASF/common/utils/stdio/write.o
 .debug_info    0x000034ec       0x95 src/ASF/xmega/drivers/cpu/ccp.o
 .debug_info    0x00003581     0x2f70 src/ASF/xmega/drivers/usart/usart.o
 .debug_info    0x000064f1      0x936 src/drivers/MS56XX.o
 .debug_info    0x00006e27     0x24e9 src/drivers/SPI.o
 .debug_info    0x00009310       0x91 src/ASF/xmega/boards/xmega_a1_xplained/init.o
 .debug_info    0x000093a1     0x2561 src/drivers/uart_tools.o
 .debug_info    0x0000b902      0x6ce src/main.o

.debug_abbrev   0x00000000     0x3c49
 *(.debug_abbrev)
 .debug_abbrev  0x00000000     0x29e6 c:/program files (x86)/atmel/studio/7.0/toolchain/avr8/avr8-gnu-toolchain/bin/../lib/gcc/avr/4.9.2/../../../../avr/lib/avrxmega6/crtatxmega256a3.o
 .debug_abbrev  0x000029e6      0x25f src/ASF/common/services/clock/xmega/sysclk.o
 .debug_abbrev  0x00002c45       0xc5 src/ASF/common/utils/stdio/read.o
 .debug_abbrev  0x00002d0a       0xa7 src/ASF/common/utils/stdio/write.o
 .debug_abbrev  0x00002db1       0x14 src/ASF/xmega/drivers/cpu/ccp.o
 .debug_abbrev  0x00002dc5      0x3df src/ASF/xmega/drivers/usart/usart.o
 .debug_abbrev  0x000031a4      0x2c6 src/drivers/MS56XX.o
 .debug_abbrev  0x0000346a      0x2d4 src/drivers/SPI.o
 .debug_abbrev  0x0000373e       0x47 src/ASF/xmega/boards/xmega_a1_xplained/init.o
 .debug_abbrev  0x00003785      0x300 src/drivers/uart_tools.o
 .debug_abbrev  0x00003a85      0x1c4 src/main.o

.debug_line     0x00000000     0x446e
 *(.debug_line .debug_line.* .debug_line_end)
 .debug_line    0x00000000       0x1a c:/program files (x86)/atmel/studio/7.0/toolchain/avr8/avr8-gnu-toolchain/bin/../lib/gcc/avr/4.9.2/../../../../avr/lib/avrxmega6/crtatxmega256a3.o
 .debug_line    0x0000001a      0x556 src/ASF/common/services/clock/xmega/sysclk.o
 .debug_line    0x00000570      0x380 src/ASF/common/utils/stdio/read.o
 .debug_line    0x000008f0      0x387 src/ASF/common/utils/stdio/write.o
 .debug_line    0x00000c77       0x6e src/ASF/xmega/drivers/cpu/ccp.o
 .debug_line    0x00000ce5      0xca0 src/ASF/xmega/drivers/usart/usart.o
 .debug_line    0x00001985      0x9ea src/drivers/MS56XX.o
 .debug_line    0x0000236f      0xa30 src/drivers/SPI.o
 .debug_line    0x00002d9f      0x47e src/ASF/xmega/boards/xmega_a1_xplained/init.o
 .debug_line    0x0000321d      0xa7d src/drivers/uart_tools.o
 .debug_line    0x00003c9a      0x7d4 src/main.o

.debug_frame    0x00000000      0x458
 *(.debug_frame)
 .debug_frame   0x00000000       0x44 src/ASF/common/services/clock/xmega/sysclk.o
 .debug_frame   0x00000044       0x34 src/ASF/common/utils/stdio/read.o
 .debug_frame   0x00000078       0x24 src/ASF/common/utils/stdio/write.o
 .debug_frame   0x0000009c      0x148 src/ASF/xmega/drivers/usart/usart.o
 .debug_frame   0x000001e4      0x120 src/drivers/MS56XX.o
 .debug_frame   0x00000304       0x88 src/drivers/SPI.o
 .debug_frame   0x0000038c       0x24 src/ASF/xmega/boards/xmega_a1_xplained/init.o
 .debug_frame   0x000003b0       0x74 src/drivers/uart_tools.o
 .debug_frame   0x00000424       0x34 src/main.o

.debug_str      0x00000000    0x29463
 *(.debug_str)
 .debug_str     0x00000000     0x1d78 c:/program files (x86)/atmel/studio/7.0/toolchain/avr8/avr8-gnu-toolchain/bin/../lib/gcc/avr/4.9.2/../../../../avr/lib/avrxmega6/crtatxmega256a3.o
 .debug_str     0x00001d78    0x2513d src/ASF/common/services/clock/xmega/sysclk.o
                              0x259a0 (size before relaxing)
 .debug_str     0x00026eb5       0x3e src/ASF/common/utils/stdio/read.o
                              0x23bd6 (size before relaxing)
 .debug_str     0x00026ef3       0x35 src/ASF/common/utils/stdio/write.o
                              0x23bd8 (size before relaxing)
 .debug_str     0x00026f28     0x154f src/ASF/xmega/drivers/usart/usart.o
                              0x26e16 (size before relaxing)
 .debug_str     0x00028477      0xd61 src/drivers/MS56XX.o
                              0x26c9f (size before relaxing)
 .debug_str     0x000291d8       0x5c src/drivers/SPI.o
                              0x2730f (size before relaxing)
 .debug_str     0x00029234      0x110 src/ASF/xmega/boards/xmega_a1_xplained/init.o
                              0x25231 (size before relaxing)
 .debug_str     0x00029344       0xf1 src/drivers/uart_tools.o
                              0x274c1 (size before relaxing)
 .debug_str     0x00029435       0x2e src/main.o
                              0x26b78 (size before relaxing)

.debug_loc      0x00000000     0x28c2
 *(.debug_loc)
 .debug_loc     0x00000000      0x183 src/ASF/common/services/clock/xmega/sysclk.o
 .debug_loc     0x00000183       0x6e src/ASF/common/utils/stdio/read.o
 .debug_loc     0x000001f1       0x52 src/ASF/common/utils/stdio/write.o
 .debug_loc     0x00000243     0x10ba src/ASF/xmega/drivers/usart/usart.o
 .debug_loc     0x000012fd      0x9bd src/drivers/MS56XX.o
 .debug_loc     0x00001cba      0x2de src/drivers/SPI.o
 .debug_loc     0x00001f98      0x8e3 src/drivers/uart_tools.o
 .debug_loc     0x0000287b       0x47 src/main.o

.debug_macinfo
 *(.debug_macinfo)

.debug_weaknames
 *(.debug_weaknames)

.debug_funcnames
 *(.debug_funcnames)

.debug_typenames
 *(.debug_typenames)

.debug_varnames
 *(.debug_varnames)

.debug_pubtypes
 *(.debug_pubtypes)

.debug_ranges   0x00000000      0x1c0
 *(.debug_ranges)
 .debug_ranges  0x00000000       0x20 src/ASF/common/services/clock/xmega/sysclk.o
 .debug_ranges  0x00000020       0x10 src/ASF/common/utils/stdio/read.o
 .debug_ranges  0x00000030       0x10 src/ASF/common/utils/stdio/write.o
 .debug_ranges  0x00000040       0x80 src/ASF/xmega/drivers/usart/usart.o
 .debug_ranges  0x000000c0       0x38 src/drivers/MS56XX.o
 .debug_ranges  0x000000f8       0x38 src/drivers/SPI.o
 .debug_ranges  0x00000130       0x10 src/ASF/xmega/boards/xmega_a1_xplained/init.o
 .debug_ranges  0x00000140       0x70 src/drivers/uart_tools.o
 .debug_ranges  0x000001b0       0x10 src/main.o

.debug_macro    0x00000000     0x9836
 *(.debug_macro)
 .debug_macro   0x00000000      0x1d2 src/ASF/common/services/clock/xmega/sysclk.o
 .debug_macro   0x000001d2      0xa84 src/ASF/common/services/clock/xmega/sysclk.o
 .debug_macro   0x00000c56       0x10 src/ASF/common/services/clock/xmega/sysclk.o
 .debug_macro   0x00000c66      0x1c9 src/ASF/common/services/clock/xmega/sysclk.o
 .debug_macro   0x00000e2f      0x2fc src/ASF/common/services/clock/xmega/sysclk.o
 .debug_macro   0x0000112b       0x9e src/ASF/common/services/clock/xmega/sysclk.o
 .debug_macro   0x000011c9     0x4e04 src/ASF/common/services/clock/xmega/sysclk.o
 .debug_macro   0x00005fcd       0x9a src/ASF/common/services/clock/xmega/sysclk.o
 .debug_macro   0x00006067       0xf1 src/ASF/common/services/clock/xmega/sysclk.o
 .debug_macro   0x00006158       0x34 src/ASF/common/services/clock/xmega/sysclk.o
 .debug_macro   0x0000618c       0x10 src/ASF/common/services/clock/xmega/sysclk.o
 .debug_macro   0x0000619c       0x18 src/ASF/common/services/clock/xmega/sysclk.o
 .debug_macro   0x000061b4       0x5e src/ASF/common/services/clock/xmega/sysclk.o
 .debug_macro   0x00006212       0x10 src/ASF/common/services/clock/xmega/sysclk.o
 .debug_macro   0x00006222       0x22 src/ASF/common/services/clock/xmega/sysclk.o
 .debug_macro   0x00006244      0x166 src/ASF/common/services/clock/xmega/sysclk.o
 .debug_macro   0x000063aa       0x1c src/ASF/common/services/clock/xmega/sysclk.o
 .debug_macro   0x000063c6       0x35 src/ASF/common/services/clock/xmega/sysclk.o
 .debug_macro   0x000063fb       0x66 src/ASF/common/services/clock/xmega/sysclk.o
 .debug_macro   0x00006461      0x621 src/ASF/common/services/clock/xmega/sysclk.o
 .debug_macro   0x00006a82       0x97 src/ASF/common/services/clock/xmega/sysclk.o
 .debug_macro   0x00006b19       0x17 src/ASF/common/services/clock/xmega/sysclk.o
 .debug_macro   0x00006b30      0x250 src/ASF/common/services/clock/xmega/sysclk.o
 .debug_macro   0x00006d80       0x76 src/ASF/common/services/clock/xmega/sysclk.o
 .debug_macro   0x00006df6       0x16 src/ASF/common/services/clock/xmega/sysclk.o
 .debug_macro   0x00006e0c      0x6e3 src/ASF/common/services/clock/xmega/sysclk.o
 .debug_macro   0x000074ef       0x10 src/ASF/common/services/clock/xmega/sysclk.o
 .debug_macro   0x000074ff      0x175 src/ASF/common/services/clock/xmega/sysclk.o
 .debug_macro   0x00007674       0x40 src/ASF/common/services/clock/xmega/sysclk.o
 .debug_macro   0x000076b4       0x69 src/ASF/common/services/clock/xmega/sysclk.o
 .debug_macro   0x0000771d       0x32 src/ASF/common/services/clock/xmega/sysclk.o
 .debug_macro   0x0000774f       0xe4 src/ASF/common/services/clock/xmega/sysclk.o
 .debug_macro   0x00007833       0x1c src/ASF/common/services/clock/xmega/sysclk.o
 .debug_macro   0x0000784f      0x279 src/ASF/common/services/clock/xmega/sysclk.o
 .debug_macro   0x00007ac8      0x17c src/ASF/common/services/clock/xmega/sysclk.o
 .debug_macro   0x00007c44       0x84 src/ASF/common/services/clock/xmega/sysclk.o
 .debug_macro   0x00007cc8       0x2f src/ASF/common/services/clock/xmega/sysclk.o
 .debug_macro   0x00007cf7      0x13f src/ASF/common/services/clock/xmega/sysclk.o
 .debug_macro   0x00007e36      0x16d src/ASF/common/utils/stdio/read.o
 .debug_macro   0x00007fa3      0x16d src/ASF/common/utils/stdio/write.o
 .debug_macro   0x00008110      0x221 src/ASF/xmega/drivers/usart/usart.o
 .debug_macro   0x00008331      0x302 src/ASF/xmega/drivers/usart/usart.o
 .debug_macro   0x00008633      0x2cd src/drivers/MS56XX.o
 .debug_macro   0x00008900       0x34 src/drivers/MS56XX.o
 .debug_macro   0x00008934       0x28 src/drivers/MS56XX.o
 .debug_macro   0x0000895c       0x23 src/drivers/MS56XX.o
 .debug_macro   0x0000897f       0x40 src/drivers/MS56XX.o
 .debug_macro   0x000089bf       0x58 src/drivers/MS56XX.o
 .debug_macro   0x00008a17       0x10 src/drivers/MS56XX.o
 .debug_macro   0x00008a27       0xf2 src/drivers/MS56XX.o
 .debug_macro   0x00008b19       0x3a src/drivers/MS56XX.o
 .debug_macro   0x00008b53       0x1c src/drivers/MS56XX.o
 .debug_macro   0x00008b6f      0x2c3 src/drivers/SPI.o
 .debug_macro   0x00008e32      0x1b5 src/ASF/xmega/boards/xmega_a1_xplained/init.o
 .debug_macro   0x00008fe7       0x34 src/ASF/xmega/boards/xmega_a1_xplained/init.o
 .debug_macro   0x0000901b      0x273 src/ASF/xmega/boards/xmega_a1_xplained/init.o
 .debug_macro   0x0000928e      0x2c7 src/drivers/uart_tools.o
 .debug_macro   0x00009555      0x2e1 src/main.o
OUTPUT(MS56XX Polling Driver.elf elf32-avr)
LOAD linker stubs

.BOOT           0x00020000        0x0
