Archive member included to satisfy reference by file (symbol)

c:/program files (x86)/atmel/studio/7.0/toolchain/avr8/avr8-gnu-toolchain/bin/../lib/gcc/avr/4.9.2/../../../../avr/lib/avrxmega6\libm.a(divsf3.o)
                              src/drivers/MS56XX.o (__divsf3)
c:/program files (x86)/atmel/studio/7.0/toolchain/avr8/avr8-gnu-toolchain/bin/../lib/gcc/avr/4.9.2/../../../../avr/lib/avrxmega6\libm.a(divsf3x.o)
                              c:/program files (x86)/atmel/studio/7.0/toolchain/avr8/avr8-gnu-toolchain/bin/../lib/gcc/avr/4.9.2/../../../../avr/lib/avrxmega6\libm.a(divsf3.o) (__divsf3x)
c:/program files (x86)/atmel/studio/7.0/toolchain/avr8/avr8-gnu-toolchain/bin/../lib/gcc/avr/4.9.2/../../../../avr/lib/avrxmega6\libm.a(fixsfdi.o)
                              src/drivers/MS56XX.o (__fixunssfdi)
c:/program files (x86)/atmel/studio/7.0/toolchain/avr8/avr8-gnu-toolchain/bin/../lib/gcc/avr/4.9.2/../../../../avr/lib/avrxmega6\libm.a(floatundisf.o)
                              src/drivers/MS56XX.o (__floatundisf)
c:/program files (x86)/atmel/studio/7.0/toolchain/avr8/avr8-gnu-toolchain/bin/../lib/gcc/avr/4.9.2/../../../../avr/lib/avrxmega6\libm.a(fp_inf.o)
                              c:/program files (x86)/atmel/studio/7.0/toolchain/avr8/avr8-gnu-toolchain/bin/../lib/gcc/avr/4.9.2/../../../../avr/lib/avrxmega6\libm.a(divsf3x.o) (__fp_inf)
c:/program files (x86)/atmel/studio/7.0/toolchain/avr8/avr8-gnu-toolchain/bin/../lib/gcc/avr/4.9.2/../../../../avr/lib/avrxmega6\libm.a(fp_nan.o)
                              c:/program files (x86)/atmel/studio/7.0/toolchain/avr8/avr8-gnu-toolchain/bin/../lib/gcc/avr/4.9.2/../../../../avr/lib/avrxmega6\libm.a(divsf3x.o) (__fp_nan)
c:/program files (x86)/atmel/studio/7.0/toolchain/avr8/avr8-gnu-toolchain/bin/../lib/gcc/avr/4.9.2/../../../../avr/lib/avrxmega6\libm.a(fp_negdi.o)
                              c:/program files (x86)/atmel/studio/7.0/toolchain/avr8/avr8-gnu-toolchain/bin/../lib/gcc/avr/4.9.2/../../../../avr/lib/avrxmega6\libm.a(fixsfdi.o) (__fp_negdi)
c:/program files (x86)/atmel/studio/7.0/toolchain/avr8/avr8-gnu-toolchain/bin/../lib/gcc/avr/4.9.2/../../../../avr/lib/avrxmega6\libm.a(fp_pscA.o)
                              c:/program files (x86)/atmel/studio/7.0/toolchain/avr8/avr8-gnu-toolchain/bin/../lib/gcc/avr/4.9.2/../../../../avr/lib/avrxmega6\libm.a(divsf3x.o) (__fp_pscA)
c:/program files (x86)/atmel/studio/7.0/toolchain/avr8/avr8-gnu-toolchain/bin/../lib/gcc/avr/4.9.2/../../../../avr/lib/avrxmega6\libm.a(fp_pscB.o)
                              c:/program files (x86)/atmel/studio/7.0/toolchain/avr8/avr8-gnu-toolchain/bin/../lib/gcc/avr/4.9.2/../../../../avr/lib/avrxmega6\libm.a(divsf3x.o) (__fp_pscB)
c:/program files (x86)/atmel/studio/7.0/toolchain/avr8/avr8-gnu-toolchain/bin/../lib/gcc/avr/4.9.2/../../../../avr/lib/avrxmega6\libm.a(fp_round.o)
                              c:/program files (x86)/atmel/studio/7.0/toolchain/avr8/avr8-gnu-toolchain/bin/../lib/gcc/avr/4.9.2/../../../../avr/lib/avrxmega6\libm.a(divsf3.o) (__fp_round)
c:/program files (x86)/atmel/studio/7.0/toolchain/avr8/avr8-gnu-toolchain/bin/../lib/gcc/avr/4.9.2/../../../../avr/lib/avrxmega6\libm.a(fp_split3.o)
                              c:/program files (x86)/atmel/studio/7.0/toolchain/avr8/avr8-gnu-toolchain/bin/../lib/gcc/avr/4.9.2/../../../../avr/lib/avrxmega6\libm.a(divsf3x.o) (__fp_split3)
c:/program files (x86)/atmel/studio/7.0/toolchain/avr8/avr8-gnu-toolchain/bin/../lib/gcc/avr/4.9.2/../../../../avr/lib/avrxmega6\libm.a(fp_zero.o)
                              c:/program files (x86)/atmel/studio/7.0/toolchain/avr8/avr8-gnu-toolchain/bin/../lib/gcc/avr/4.9.2/../../../../avr/lib/avrxmega6\libm.a(divsf3x.o) (__fp_szero)
c:/program files (x86)/atmel/studio/7.0/toolchain/avr8/avr8-gnu-toolchain/bin/../lib/gcc/avr/4.9.2/../../../../avr/lib/avrxmega6\libprintf_flt.a(vfprintf_flt.o)
                              (vfprintf)
c:/program files (x86)/atmel/studio/7.0/toolchain/avr8/avr8-gnu-toolchain/bin/../lib/gcc/avr/4.9.2/avrxmega6\libgcc.a(_udivmodhi4.o)
                              src/tools/RingBuffer.o (__udivmodhi4)
c:/program files (x86)/atmel/studio/7.0/toolchain/avr8/avr8-gnu-toolchain/bin/../lib/gcc/avr/4.9.2/avrxmega6\libgcc.a(_udivmodsi4.o)
                              src/ASF/xmega/drivers/usart/usart.o (__udivmodsi4)
c:/program files (x86)/atmel/studio/7.0/toolchain/avr8/avr8-gnu-toolchain/bin/../lib/gcc/avr/4.9.2/avrxmega6\libgcc.a(_exit.o)
                              c:/program files (x86)/atmel/studio/7.0/toolchain/avr8/avr8-gnu-toolchain/bin/../lib/gcc/avr/4.9.2/../../../../avr/lib/avrxmega6/crtatxmega256a3.o (exit)
c:/program files (x86)/atmel/studio/7.0/toolchain/avr8/avr8-gnu-toolchain/bin/../lib/gcc/avr/4.9.2/avrxmega6\libgcc.a(_copy_data.o)
                              src/tools/RingBuffer.o (__do_copy_data)
c:/program files (x86)/atmel/studio/7.0/toolchain/avr8/avr8-gnu-toolchain/bin/../lib/gcc/avr/4.9.2/avrxmega6\libgcc.a(_clear_bss.o)
[...]
Memory Configuration

Name             Origin             Length             Attributes
text             0x00000000         0x00100000         xr
data             0x00802000         0x0000ffa0         rw !x
eeprom           0x00810000         0x00010000         rw !x
fuse             0x00820000         0x00000006         rw !x
lock             0x00830000         0x00000400         rw !x
signature        0x00840000         0x00000400         rw !x
user_signatures  0x00850000         0x00000400         rw !x
*default*        0x00000000         0xffffffff

Linker script and memory map

LOAD c:/program files (x86)/atmel/studio/7.0/toolchain/avr8/avr8-gnu-toolchain/bin/../lib/gcc/avr/4.9.2/../../../../avr/lib/avrxmega6/crtatxmega256a3.o
LOAD src/ASF/common/services/clock/xmega/sysclk.o
LOAD src/ASF/common/services/ioport/xmega/ioport_compat.o
LOAD src/ASF/common/services/serial/usart_serial.o
LOAD src/ASF/common/utils/stdio/read.o
LOAD src/ASF/common/utils/stdio/write.o
LOAD src/ASF/xmega/drivers/cpu/ccp.o
LOAD src/ASF/xmega/drivers/usart/usart.o
LOAD src/drivers/MS56XX.o
LOAD src/drivers/SPI.o
LOAD src/tools/RingBuffer.o
LOAD src/ASF/xmega/boards/xmega_a1_xplained/init.o
LOAD src/drivers/uart_tools.o
LOAD src/main.o
START GROUP
LOAD c:/program files (x86)/atmel/studio/7.0/toolchain/avr8/avr8-gnu-toolchain/bin/../lib/gcc/avr/4.9.2/../../../../avr/lib/avrxmega6\libm.a
LOAD c:/program files (x86)/atmel/studio/7.0/toolchain/avr8/avr8-gnu-toolchain/bin/../lib/gcc/avr/4.9.2/../../../../avr/lib/avrxmega6\libprintf_flt.a
END GROUP
Address of section .BOOT set to 0x20000
START GROUP
LOAD c:/program files (x86)/atmel/studio/7.0/toolchain/avr8/avr8-gnu-toolchain/bin/../lib/gcc/avr/4.9.2/avrxmega6\libgcc.a
LOAD c:/program files (x86)/atmel/studio/7.0/toolchain/avr8/avr8-gnu-toolchain/bin/../lib/gcc/avr/4.9.2/../../../../avr/lib/avrxmega6\libm.a
LOAD c:/program files (x86)/atmel/studio/7.0/toolchain/avr8/avr8-gnu-toolchain/bin/../lib/gcc/avr/4.9.2/../../../../avr/lib/avrxmega6\libc.a
LOAD c:/program files (x86)/atmel/studio/7.0/toolchain/avr8/avr8-gnu-toolchain/bin/../lib/gcc/avr/4.9.2/../../../../avr/lib/avrxmega6\libatxmega256a3.a
END GROUP
                0x00100000                __TEXT_REGION_LENGTH__ = DEFINED (__TEXT_REGION_LENGTH__)?__TEXT_REGION_LENGTH__:0x100000
                0x0000ffa0                __DATA_REGION_LENGTH__ = DEFINED (__DATA_REGION_LENGTH__)?__DATA_REGION_LENGTH__:0xffa0
                0x00010000                __EEPROM_REGION_LENGTH__ = DEFINED (__EEPROM_REGION_LENGTH__)?__EEPROM_REGION_LENGTH__:0x10000
                [0x00000006]                __FUSE_REGION_LENGTH__ = DEFINED (__FUSE_REGION_LENGTH__)?__FUSE_REGION_LENGTH__:0x400
                0x00000400                __LOCK_REGION_LENGTH__ = DEFINED (__LOCK_REGION_LENGTH__)?__LOCK_REGION_LENGTH__:0x400
                0x00000400                __SIGNATURE_REGION_LENGTH__ = DEFINED (__SIGNATURE_REGION_LENGTH__)?__SIGNATURE_REGION_LENGTH__:0x400
                0x00000400                __USER_SIGNATURE_REGION_LENGTH__ = DEFINED (__USER_SIGNATURE_REGION_LENGTH__)?__USER_SIGNATURE_REGION_LENGTH__:0x400

.hash
 *(.hash)

.dynsym
 *(.dynsym)

.dynstr
 *(.dynstr)

.gnu.version
 *(.gnu.version)

.gnu.version_d
 *(.gnu.version_d)

.gnu.version_r
 *(.gnu.version_r)

.rel.init
 *(.rel.init)

.rela.init
 *(.rela.init)

.rel.text
 *(.rel.text)
 *(.rel.text.*)
 *(.rel.gnu.linkonce.t*)

.rela.text
 *(.rela.text)
 *(.rela.text.*)
 *(.rela.gnu.linkonce.t*)

.rel.fini
 *(.rel.fini)

.rela.fini
 *(.rela.fini)

.rel.rodata
 *(.rel.rodata)
 *(.rel.rodata.*)
 *(.rel.gnu.linkonce.r*)

.rela.rodata
 *(.rela.rodata)
 *(.rela.rodata.*)
 *(.rela.gnu.linkonce.r*)

.rel.data
 *(.rel.data)
 *(.rel.data.*)
 *(.rel.gnu.linkonce.d*)

.rela.data
 *(.rela.data)
 *(.rela.data.*)
 *(.rela.gnu.linkonce.d*)

.rel.ctors
 *(.rel.ctors)

.rela.ctors
 *(.rela.ctors)

.rel.dtors
 *(.rel.dtors)

.rela.dtors
 *(.rela.dtors)

.rel.got
 *(.rel.got)

.rela.got
 *(.rela.got)

.rel.bss
 *(.rel.bss)

.rela.bss
 *(.rela.bss)

.rel.plt
 *(.rel.plt)

.rela.plt
 *(.rela.plt)

.text           0x00000000     0x2eee
 *(.vectors)
 .vectors       0x00000000      0x1e8 c:/program files (x86)/atmel/studio/7.0/toolchain/avr8/avr8-gnu-toolchain/bin/../lib/gcc/avr/4.9.2/../../../../avr/lib/avrxmega6/crtatxmega256a3.o
                0x00000000                __vector_default
                0x00000000                __vectors
 *(.vectors)
 *(.progmem.gcc*)
                0x000001e8                . = ALIGN (0x2)
                0x000001e8                __trampolines_start = .
 *(.trampolines)
 .trampolines   0x000001e8        0x0 linker stubs
 *(.trampolines*)
                0x000001e8                __trampolines_end = .
 *libprintf_flt.a:*(.progmem.data)
 .progmem.data  0x000001e8        0x8 c:/program files (x86)/atmel/studio/7.0/toolchain/avr8/avr8-gnu-toolchain/bin/../lib/gcc/avr/4.9.2/../../../../avr/lib/avrxmega6\libprintf_flt.a(vfprintf_flt.o)
 *libc.a:*(.progmem.data)
 .progmem.data  0x000001f0       0xfa c:/program files (x86)/atmel/studio/7.0/toolchain/avr8/avr8-gnu-toolchain/bin/../lib/gcc/avr/4.9.2/../../../../avr/lib/avrxmega6\libc.a(ftoa_engine.o)
 *(.progmem*)
                0x000002ea                . = ALIGN (0x2)
 *(.jumptables)
 *(.jumptables*)
 *(.lowtext)
 *(.lowtext*)
                0x000002ea                __ctors_start = .
 *(.ctors)
                0x000002ea                __ctors_end = .
                0x000002ea                __dtors_start = .
 *(.dtors)
                0x000002ea                __dtors_end = .
 SORT(*)(.ctors)
 SORT(*)(.dtors)
 *(.init0)
 .init0         0x000002ea        0x0 c:/program files (x86)/atmel/studio/7.0/toolchain/avr8/avr8-gnu-toolchain/bin/../lib/gcc/avr/4.9.2/../../../../avr/lib/avrxmega6/crtatxmega256a3.o
                0x000002ea                __init
 *(.init0)
 *(.init1)
 *(.init1)
 *(.init2)
 .init2         0x000002ea       0x10 c:/program files (x86)/atmel/studio/7.0/toolchain/avr8/avr8-gnu-toolchain/bin/../lib/gcc/avr/4.9.2/../../../../avr/lib/avrxmega6/crtatxmega256a3.o
 *(.init2)
 *(.init3)
 *(.init3)
 *(.init4)
 .init4         0x000002fa       0x1a c:/program files (x86)/atmel/studio/7.0/toolchain/avr8/avr8-gnu-toolchain/bin/../lib/gcc/avr/4.9.2/avrxmega6\libgcc.a(_copy_data.o)
                0x000002fa                __do_copy_data
 .init4         0x00000314       0x10 c:/program files (x86)/atmel/studio/7.0/toolchain/avr8/avr8-gnu-toolchain/bin/../lib/gcc/avr/4.9.2/avrxmega6\libgcc.a(_clear_bss.o)
                0x00000314                __do_clear_bss
 *(.init4)
 *(.init5)
 *(.init5)
 *(.init6)
 *(.init6)
 *(.init7)
 *(.init7)
 *(.init8)
 *(.init8)
 *(.init9)
 .init9         0x00000324        0x8 c:/program files (x86)/atmel/studio/7.0/toolchain/avr8/avr8-gnu-toolchain/bin/../lib/gcc/avr/4.9.2/../../../../avr/lib/avrxmega6/crtatxmega256a3.o
 *(.init9)
 *(.text)
 .text          0x0000032c        0x2 c:/program files (x86)/atmel/studio/7.0/toolchain/avr8/avr8-gnu-toolchain/bin/../lib/gcc/avr/4.9.2/../../../../avr/lib/avrxmega6/crtatxmega256a3.o
                0x0000032c                __vector_38
                0x0000032c                __vector_104
                0x0000032c                __vector_22
                0x0000032c                __vector_63
                0x0000032c                __vector_28
                0x0000032c                __vector_67
                0x0000032c                __vector_1
                0x0000032c                __vector_119
                0x0000032c                __vector_32
                0x0000032c                __vector_75
                0x0000032c                __vector_71
                0x0000032c                __vector_91
                0x0000032c                __vector_34
                0x0000032c                __vector_62
                0x0000032c                __vector_77
                0x0000032c                __vector_102
                0x0000032c                __vector_24
                0x0000032c                __vector_12
                0x0000032c                __vector_55
                0x0000032c                __vector_69
                0x0000032c                __vector_81
                0x0000032c                __vector_90
                0x0000032c                __vector_46
                0x0000032c                __bad_interrupt
                0x0000032c                __vector_72
                0x0000032c                __vector_114
                0x0000032c                __vector_6
                0x0000032c                __vector_110
                0x0000032c                __vector_31
                0x0000032c                __vector_92
                0x0000032c                __vector_35
                0x0000032c                __vector_78
                0x0000032c                __vector_74
                0x0000032c                __vector_117
                0x0000032c                __vector_39
                0x0000032c                __vector_107
                0x0000032c                __vector_3
                0x0000032c                __vector_105
                0x0000032c                __vector_98
                0x0000032c                __vector_23
                0x0000032c                __vector_68
                0x0000032c                __vector_30
                0x0000032c                __vector_73
                0x0000032c                __vector_45
                0x0000032c                __vector_25
                0x0000032c                __vector_93
                0x0000032c                __vector_61
                0x0000032c                __vector_11
                0x0000032c                __vector_54
                0x0000032c                __vector_99
                0x0000032c                __vector_13
                0x0000032c                __vector_17
                0x0000032c                __vector_19
                0x0000032c                __vector_56
                0x0000032c                __vector_7
                0x0000032c                __vector_49
                0x0000032c                __vector_41
                0x0000032c                __vector_86
                0x0000032c                __vector_100
                0x0000032c                __vector_101
                0x0000032c                __vector_64
                0x0000032c                __vector_88
                0x0000032c                __vector_109
                0x0000032c                __vector_43
                0x0000032c                __vector_27
                0x0000032c                __vector_5
                0x0000032c                __vector_113
                0x0000032c                __vector_33
                0x0000032c                __vector_76
                0x0000032c                __vector_115
                0x0000032c                __vector_47
                0x0000032c                __vector_52
                0x0000032c                __vector_37
                0x0000032c                __vector_95
                0x0000032c                __vector_103
                0x0000032c                __vector_96
                0x0000032c                __vector_89
                0x0000032c                __vector_108
                0x0000032c                __vector_4
                0x0000032c                __vector_44
                0x0000032c                __vector_82
                0x0000032c                __vector_106
                0x0000032c                __vector_118
                0x0000032c                __vector_51
                0x0000032c                __vector_9
                0x0000032c                __vector_2
                0x0000032c                __vector_21
                0x0000032c                __vector_15
                0x0000032c                __vector_66
                0x0000032c                __vector_36
                0x0000032c                __vector_79
                0x0000032c                __vector_58
                0x0000032c                __vector_70
                0x0000032c                __vector_83
                0x0000032c                __vector_29
                0x0000032c                __vector_60
                0x0000032c                __vector_121
                0x0000032c                __vector_40
                0x0000032c                __vector_85
                0x0000032c                __vector_94
                0x0000032c                __vector_8
                0x0000032c                __vector_26
                0x0000032c                __vector_48
                0x0000032c                __vector_116
                0x0000032c                __vector_112
                0x0000032c                __vector_111
                0x0000032c                __vector_80
                0x0000032c                __vector_14
                0x0000032c                __vector_84
                0x0000032c                __vector_57
                0x0000032c                __vector_53
                0x0000032c                __vector_10
                0x0000032c                __vector_50
                0x0000032c                __vector_16
                0x0000032c                __vector_59
                0x0000032c                __vector_18
                0x0000032c                __vector_97
                0x0000032c                __vector_20
                0x0000032c                __vector_42
                0x0000032c                __vector_87
                0x0000032c                __vector_65
                0x0000032c                __vector_120
                0x0000032e                . = ALIGN (0x2)
 *(.text.*)
 .text.sysclk_init
                0x0000032e       0x4e src/ASF/common/services/clock/xmega/sysclk.o
                0x0000032e                sysclk_init
 .text.sysclk_enable_module
                0x0000037c       0x18 src/ASF/common/services/clock/xmega/sysclk.o
                0x0000037c                sysclk_enable_module
 .text.ioport_configure_port_pin
                0x00000394       0x50 src/ASF/common/services/ioport/xmega/ioport_compat.o
                0x00000394                ioport_configure_port_pin
 .text._read    0x000003e4       0x32 src/ASF/common/utils/stdio/read.o
                0x000003e4                _read
 .text._write   0x00000416       0x24 src/ASF/common/utils/stdio/write.o
                0x00000416                _write
 .text.ccp_write_io
                0x0000043a        0xc src/ASF/xmega/drivers/cpu/ccp.o
                0x0000043a                ccp_write_io
 .text.usart_putchar
                0x00000446       0x10 src/ASF/xmega/drivers/usart/usart.o
                0x00000446                usart_putchar
 .text.usart_getchar
                0x00000456        0xc src/ASF/xmega/drivers/usart/usart.o
                0x00000456                usart_getchar
 .text.usart_set_baudrate
                0x00000462      0x232 src/ASF/xmega/drivers/usart/usart.o
                0x00000462                usart_set_baudrate
 .text.usart_init_rs232
                0x00000694      0x272 src/ASF/xmega/drivers/usart/usart.o
                0x00000694                usart_init_rs232
 .text.read16   0x00000906       0x28 src/drivers/MS56XX.o
                0x00000906                read16
 .text.read24   0x0000092e       0x40 src/drivers/MS56XX.o
                0x0000092e                read24
 .text.define_new_MS56XX_default_OSR
                0x0000096e        0xe src/drivers/MS56XX.o
                0x0000096e                define_new_MS56XX_default_OSR
 .text.pressureSensorReset
                0x0000097c       0x3a src/drivers/MS56XX.o
                0x0000097c                pressureSensorReset
 .text.calibratePressureSensor
                0x000009b6       0xaa src/drivers/MS56XX.o
                0x000009b6                calibratePressureSensor
 .text.get_read_info
                0x00000a60       0xa0 src/drivers/MS56XX.o
                0x00000a60                get_read_info
 .text.readMS56XX
                0x00000b00      0x800 src/drivers/MS56XX.o
                0x00000b00                readMS56XX
 .text.spiread  0x00001300       0x10 src/drivers/SPI.o
                0x00001300                spiread
 .text.spiwrite
                0x00001310        0xc src/drivers/SPI.o
                0x00001310                spiwrite
 .text.spiselect
                0x0000131c       0x28 src/drivers/SPI.o
                0x0000131c                spiselect
 .text.spideselect
                0x00001344       0x28 src/drivers/SPI.o
                0x00001344                spideselect
 .text.enable_select_pin
                0x0000136c       0x2a src/drivers/SPI.o
                0x0000136c                enable_select_pin
 .text.initializespi
                0x00001396      0x29a src/drivers/SPI.o
                0x00001396                initializespi
 .text.board_init
                0x00001630        0x2 src/ASF/xmega/boards/xmega_a1_xplained/init.o
                0x00001630                board_init
 .text.usart_serial_getchar
                0x00001632       0x12 src/drivers/uart_tools.o
 .text.usart_serial_putchar
                0x00001644        0x6 src/drivers/uart_tools.o
 .text.UART_computer_init
                0x0000164a      0x480 src/drivers/uart_tools.o
                0x0000164a                UART_computer_init
 .text.main     0x00001aca       0xe2 src/main.o
                0x00001aca                main
 .text.avr-libc.fplib
                0x00001bac        0x4 c:/program files (x86)/atmel/studio/7.0/toolchain/avr8/avr8-gnu-toolchain/bin/../lib/gcc/avr/4.9.2/../../../../avr/lib/avrxmega6\libm.a(divsf3.o)
                0x00001bac                __divsf3
 .text.avr-libc.fplib
                0x00001bb0       0xcc c:/program files (x86)/atmel/studio/7.0/toolchain/avr8/avr8-gnu-toolchain/bin/../lib/gcc/avr/4.9.2/../../../../avr/lib/avrxmega6\libm.a(divsf3x.o)
                0x00001bc6                __divsf3x
                0x00001bca                __divsf3_pse
 .text.avr-libc.fplib
                0x00001c7c       0x74 c:/program files (x86)/atmel/studio/7.0/toolchain/avr8/avr8-gnu-toolchain/bin/../lib/gcc/avr/4.9.2/../../../../avr/lib/avrxmega6\libm.a(fixsfdi.o)
                0x00001c7c                __fixsfdi
                0x00001c86                __fixunssfdi
 .text.avr-libc.fplib
                0x00001cf0       0x7c c:/program files (x86)/atmel/studio/7.0/toolchain/avr8/avr8-gnu-toolchain/bin/../lib/gcc/avr/4.9.2/../../../../avr/lib/avrxmega6\libm.a(floatundisf.o)
                0x00001cf0                __floatundisf
                0x00001cf2                __fp_di2sf
 .text.avr-libc.fplib
                0x00001d6c        0xc c:/program files (x86)/atmel/studio/7.0/toolchain/avr8/avr8-gnu-toolchain/bin/../lib/gcc/avr/4.9.2/../../../../avr/lib/avrxmega6\libm.a(fp_inf.o)
                0x00001d6c                __fp_inf
 .text.avr-libc.fplib
                0x00001d78        0x6 c:/program files (x86)/atmel/studio/7.0/toolchain/avr8/avr8-gnu-toolchain/bin/../lib/gcc/avr/4.9.2/../../../../avr/lib/avrxmega6\libm.a(fp_nan.o)
                0x00001d78                __fp_nan
 .text.avr-libc.fplib
                0x00001d7e       0x20 c:/program files (x86)/atmel/studio/7.0/toolchain/avr8/avr8-gnu-toolchain/bin/../lib/gcc/avr/4.9.2/../../../../avr/lib/avrxmega6\libm.a(fp_negdi.o)
                0x00001d7e                __fp_negdi
 .text.avr-libc.fplib
                0x00001d9e        0xe c:/program files (x86)/atmel/studio/7.0/toolchain/avr8/avr8-gnu-toolchain/bin/../lib/gcc/avr/4.9.2/../../../../avr/lib/avrxmega6\libm.a(fp_pscA.o)
                0x00001d9e                __fp_pscA
 .text.avr-libc.fplib
                0x00001dac        0xe c:/program files (x86)/atmel/studio/7.0/toolchain/avr8/avr8-gnu-toolchain/bin/../lib/gcc/avr/4.9.2/../../../../avr/lib/avrxmega6\libm.a(fp_pscB.o)
                0x00001dac                __fp_pscB
 .text.avr-libc.fplib
                0x00001dba       0x22 c:/program files (x86)/atmel/studio/7.0/toolchain/avr8/avr8-gnu-toolchain/bin/../lib/gcc/avr/4.9.2/../../../../avr/lib/avrxmega6\libm.a(fp_round.o)
                0x00001dba                __fp_round
 .text.avr-libc.fplib
                0x00001ddc       0x44 c:/program files (x86)/atmel/studio/7.0/toolchain/avr8/avr8-gnu-toolchain/bin/../lib/gcc/avr/4.9.2/../../../../avr/lib/avrxmega6\libm.a(fp_split3.o)
                0x00001ddc                __fp_split3
                0x00001dec                __fp_splitA
 .text.avr-libc.fplib
                0x00001e20        0xe c:/program files (x86)/atmel/studio/7.0/toolchain/avr8/avr8-gnu-toolchain/bin/../lib/gcc/avr/4.9.2/../../../../avr/lib/avrxmega6\libm.a(fp_zero.o)
                0x00001e20                __fp_zero
                0x00001e22                __fp_szero
 .text.avr-libc
                0x00001e2e      0x704 c:/program files (x86)/atmel/studio/7.0/toolchain/avr8/avr8-gnu-toolchain/bin/../lib/gcc/avr/4.9.2/../../../../avr/lib/avrxmega6\libprintf_flt.a(vfprintf_flt.o)
                0x00001e2e                vfprintf
 .text.libgcc.div
                0x00002532       0x44 c:/program files (x86)/atmel/studio/7.0/toolchain/avr8/avr8-gnu-toolchain/bin/../lib/gcc/avr/4.9.2/avrxmega6\libgcc.a(_udivmodsi4.o)
                0x00002532                __udivmodsi4
 .text.libgcc.mul
                0x00002576       0x92 c:/program files (x86)/atmel/studio/7.0/toolchain/avr8/avr8-gnu-toolchain/bin/../lib/gcc/avr/4.9.2/avrxmega6\libgcc.a(_muldi3.o)
                0x00002576                __muldi3
 .text.libgcc.mul
                0x00002608       0x10 c:/program files (x86)/atmel/studio/7.0/toolchain/avr8/avr8-gnu-toolchain/bin/../lib/gcc/avr/4.9.2/avrxmega6\libgcc.a(_muldi3_6.o)
                0x00002608                __muldi3_6
 .text.libgcc.div
                0x00002618       0x56 c:/program files (x86)/atmel/studio/7.0/toolchain/avr8/avr8-gnu-toolchain/bin/../lib/gcc/avr/4.9.2/avrxmega6\libgcc.a(_divdi3.o)
                0x00002618                __moddi3
                0x0000261c                __divdi3
                0x0000261e                __divdi3_moddi3
 .text.libgcc.div
                0x0000266e       0x1a c:/program files (x86)/atmel/studio/7.0/toolchain/avr8/avr8-gnu-toolchain/bin/../lib/gcc/avr/4.9.2/avrxmega6\libgcc.a(_udivdi3.o)
                0x0000266e                __umoddi3
                0x00002672                __udivdi3
                0x00002674                __udivdi3_umoddi3
 .text.libgcc.div
                0x00002688       0xa2 c:/program files (x86)/atmel/studio/7.0/toolchain/avr8/avr8-gnu-toolchain/bin/../lib/gcc/avr/4.9.2/avrxmega6\libgcc.a(_udivmod64.o)
                0x00002688                __udivmod64
 .text.libgcc   0x0000272a       0x20 c:/program files (x86)/atmel/studio/7.0/toolchain/avr8/avr8-gnu-toolchain/bin/../lib/gcc/avr/4.9.2/avrxmega6\libgcc.a(_negdi2.o)
                0x0000272a                __negdi2
 .text.libgcc.prologue
                0x0000274a       0x32 c:/program files (x86)/atmel/studio/7.0/toolchain/avr8/avr8-gnu-toolchain/bin/../lib/gcc/avr/4.9.2/avrxmega6\libgcc.a(_prologue.o)
                0x0000274a                __prologue_saves__
 .text.libgcc.prologue
                0x0000277c       0x30 c:/program files (x86)/atmel/studio/7.0/toolchain/avr8/avr8-gnu-toolchain/bin/../lib/gcc/avr/4.9.2/avrxmega6\libgcc.a(_epilogue.o)
                0x0000277c                __epilogue_restores__
 .text.libgcc.builtins
                0x000027ac       0x32 c:/program files (x86)/atmel/studio/7.0/toolchain/avr8/avr8-gnu-toolchain/bin/../lib/gcc/avr/4.9.2/avrxmega6\libgcc.a(_ashldi3.o)
                0x000027ac                __ashldi3
 .text.libgcc.builtins
                0x000027de       0x3c c:/program files (x86)/atmel/studio/7.0/toolchain/avr8/avr8-gnu-toolchain/bin/../lib/gcc/avr/4.9.2/avrxmega6\libgcc.a(_ashrdi3.o)
                0x000027de                __ashrdi3
                0x000027e2                __lshrdi3
 .text.libgcc   0x0000281a       0x12 c:/program files (x86)/atmel/studio/7.0/toolchain/avr8/avr8-gnu-toolchain/bin/../lib/gcc/avr/4.9.2/avrxmega6\libgcc.a(_adddi3.o)
                0x0000281a                __adddi3
 .text.libgcc   0x0000282c       0x18 c:/program files (x86)/atmel/studio/7.0/toolchain/avr8/avr8-gnu-toolchain/bin/../lib/gcc/avr/4.9.2/avrxmega6\libgcc.a(_adddi3_s8.o)
                0x0000282c                __adddi3_s8
 .text.libgcc   0x00002844       0x12 c:/program files (x86)/atmel/studio/7.0/toolchain/avr8/avr8-gnu-toolchain/bin/../lib/gcc/avr/4.9.2/avrxmega6\libgcc.a(_subdi3.o)
                0x00002844                __subdi3
 .text.libgcc   0x00002856       0x18 c:/program files (x86)/atmel/studio/7.0/toolchain/avr8/avr8-gnu-toolchain/bin/../lib/gcc/avr/4.9.2/avrxmega6\libgcc.a(_cmpdi2_s8.o)
                0x00002856                __cmpdi2_s8
 .text.libgcc.mul
                0x0000286e       0x1e c:/program files (x86)/atmel/studio/7.0/toolchain/avr8/avr8-gnu-toolchain/bin/../lib/gcc/avr/4.9.2/avrxmega6\libgcc.a(_umulhisi3.o)
                0x0000286e                __umulhisi3
 .text.avr-libc
                0x0000288c      0x1b0 c:/program files (x86)/atmel/studio/7.0/toolchain/avr8/avr8-gnu-toolchain/bin/../lib/gcc/avr/4.9.2/../../../../avr/lib/avrxmega6\libc.a(ftoa_engine.o)
                0x0000288c                __ftoa_engine
 .text.avr-libc
                0x00002a3c       0x16 c:/program files (x86)/atmel/studio/7.0/toolchain/avr8/avr8-gnu-toolchain/bin/../lib/gcc/avr/4.9.2/../../../../avr/lib/avrxmega6\libc.a(strnlen_P.o)
                0x00002a3c                strnlen_P
 .text.avr-libc
                0x00002a52       0x16 c:/program files (x86)/atmel/studio/7.0/toolchain/avr8/avr8-gnu-toolchain/bin/../lib/gcc/avr/4.9.2/../../../../avr/lib/avrxmega6\libc.a(strnlen.o)
                0x00002a52                strnlen
 .text.avr-libc
                0x00002a68       0x94 c:/program files (x86)/atmel/studio/7.0/toolchain/avr8/avr8-gnu-toolchain/bin/../lib/gcc/avr/4.9.2/../../../../avr/lib/avrxmega6\libc.a(fdevopen.o)
                0x00002a68                fdevopen
 .text.avr-libc
                0x00002afc       0x70 c:/program files (x86)/atmel/studio/7.0/toolchain/avr8/avr8-gnu-toolchain/bin/../lib/gcc/avr/4.9.2/../../../../avr/lib/avrxmega6\libc.a(fputc.o)
                0x00002afc                fputc
 .text.avr-libc
                0x00002b6c       0x26 c:/program files (x86)/atmel/studio/7.0/toolchain/avr8/avr8-gnu-toolchain/bin/../lib/gcc/avr/4.9.2/../../../../avr/lib/avrxmega6\libc.a(printf.o)
                0x00002b6c                printf
 .text.avr-libc
                0x00002b92       0xbc c:/program files (x86)/atmel/studio/7.0/toolchain/avr8/avr8-gnu-toolchain/bin/../lib/gcc/avr/4.9.2/../../../../avr/lib/avrxmega6\libc.a(ultoa_invert.o)
                0x00002b92                __ultoa_invert
 .text.avr-libc
                0x00002c4e       0x34 c:/program files (x86)/atmel/studio/7.0/toolchain/avr8/avr8-gnu-toolchain/bin/../lib/gcc/avr/4.9.2/../../../../avr/lib/avrxmega6\libc.a(calloc.o)
                0x00002c4e                calloc
 .text.avr-libc
                0x00002c82      0x25a c:/program files (x86)/atmel/studio/7.0/toolchain/avr8/avr8-gnu-toolchain/bin/../lib/gcc/avr/4.9.2/../../../../avr/lib/avrxmega6\libc.a(malloc.o)
                0x00002c82                malloc
                0x00002dac                free
 .text.avr-libc
                0x00002edc        0xe c:/program files (x86)/atmel/studio/7.0/toolchain/avr8/avr8-gnu-toolchain/bin/../lib/gcc/avr/4.9.2/../../../../avr/lib/avrxmega6\libc.a(memset.o)
                0x00002edc                memset
                0x00002eea                . = ALIGN (0x2)
 *(.fini9)
 .fini9         0x00002eea        0x0 c:/program files (x86)/atmel/studio/7.0/toolchain/avr8/avr8-gnu-toolchain/bin/../lib/gcc/avr/4.9.2/avrxmega6\libgcc.a(_exit.o)
                0x00002eea                _exit
                0x00002eea                exit
 *(.fini9)
 *(.fini8)
 *(.fini8)
 *(.fini7)
 *(.fini7)
 *(.fini6)
 *(.fini6)
 *(.fini5)
 *(.fini5)
 *(.fini4)
 *(.fini4)
 *(.fini3)
 *(.fini3)
 *(.fini2)
 *(.fini2)
 *(.fini1)
 *(.fini1)
 *(.fini0)
 .fini0         0x00002eea        0x4 c:/program files (x86)/atmel/studio/7.0/toolchain/avr8/avr8-gnu-toolchain/bin/../lib/gcc/avr/4.9.2/avrxmega6\libgcc.a(_exit.o)
 *(.fini0)
                0x00002eee                _etext = .

.data           0x00802000       0x32 load address 0x00002eee
                0x00802000                PROVIDE (__data_start, .)
 *(.data)
 .data          0x00802000        0x6 c:/program files (x86)/atmel/studio/7.0/toolchain/avr8/avr8-gnu-toolchain/bin/../lib/gcc/avr/4.9.2/../../../../avr/lib/avrxmega6\libc.a(malloc.o)
                0x00802000                __malloc_heap_end
                0x00802002                __malloc_heap_start
                0x00802004                __malloc_margin
 *(.data*)
 .data.options.4806
                0x00802006        0x7 src/drivers/uart_tools.o
 *(.rodata)
 *(.rodata*)
 .rodata.str1.1
                0x0080200d       0x25 src/main.o
 *(.gnu.linkonce.d*)
                0x00802032                . = ALIGN (0x2)
                0x00802032                _edata = .
                0x00802032                PROVIDE (__data_end, .)

.bss            0x00802032       0x10
                0x00802032                PROVIDE (__bss_start, .)
 *(.bss)
 *(.bss*)
 *(COMMON)
 COMMON         0x00802032        0x2 src/ASF/common/utils/stdio/read.o
                0x00802032                ptr_get
 COMMON         0x00802034        0x4 src/ASF/common/utils/stdio/write.o
                0x00802034                ptr_put
                0x00802036                stdio_base
 COMMON         0x00802038        0x6 c:/program files (x86)/atmel/studio/7.0/toolchain/avr8/avr8-gnu-toolchain/bin/../lib/gcc/avr/4.9.2/../../../../avr/lib/avrxmega6\libc.a(iob.o)
                0x00802038                __iob
 COMMON         0x0080203e        0x4 c:/program files (x86)/atmel/studio/7.0/toolchain/avr8/avr8-gnu-toolchain/bin/../lib/gcc/avr/4.9.2/../../../../avr/lib/avrxmega6\libc.a(malloc.o)
                0x0080203e                __brkval
                0x00802040                __flp
                0x00802042                PROVIDE (__bss_end, .)
                0x00002eee                __data_load_start = LOADADDR (.data)
                0x00002f20                __data_load_end = (__data_load_start + SIZEOF (.data))

.noinit         0x00802042        0x0
                [!provide]                PROVIDE (__noinit_start, .)
 *(.noinit*)
                [!provide]                PROVIDE (__noinit_end, .)
                0x00802042                _end = .
                0x00802042                PROVIDE (__heap_start, .)

.eeprom         0x00810000        0x0
 *(.eeprom*)
                0x00810000                __eeprom_end = .

.fuse
 *(.fuse)
 *(.lfuse)
 *(.hfuse)
 *(.efuse)

.lock
 *(.lock*)

.signature
 *(.signature*)

.user_signatures
 *(.user_signatures*)

.stab
 *(.stab)

.stabstr
 *(.stabstr)

.stab.excl
 *(.stab.excl)

.stab.exclstr
 *(.stab.exclstr)

.stab.index
 *(.stab.index)

.stab.indexstr
 *(.stab.indexstr)

.comment        0x00000000       0x5c
 *(.comment)
 .comment       0x00000000       0x30 src/ASF/common/services/clock/xmega/sysclk.o
                                 0x31 (size before relaxing)
 .comment       0x00000030       0x31 src/ASF/common/services/ioport/xmega/ioport_compat.o
 .comment       0x00000030       0x31 src/ASF/common/utils/stdio/read.o
 .comment       0x00000030       0x31 src/ASF/common/utils/stdio/write.o
 .comment       0x00000030       0x31 src/ASF/xmega/drivers/usart/usart.o
 .comment       0x00000030       0x31 src/drivers/MS56XX.o
 .comment       0x00000030       0x31 src/drivers/SPI.o
 .comment       0x00000030       0x31 src/ASF/xmega/boards/xmega_a1_xplained/init.o
 .comment       0x00000030       0x31 src/drivers/uart_tools.o
 .comment       0x00000030       0x31 src/main.o
 .comment       0x00000030       0x2c c:/program files (x86)/atmel/studio/7.0/toolchain/avr8/avr8-gnu-toolchain/bin/../lib/gcc/avr/4.9.2/../../../../avr/lib/avrxmega6\libprintf_flt.a(vfprintf_flt.o)
                                 0x2d (size before relaxing)
 .comment       0x0000005c       0x31 c:/program files (x86)/atmel/studio/7.0/toolchain/avr8/avr8-gnu-toolchain/bin/../lib/gcc/avr/4.9.2/../../../../avr/lib/avrxmega6\libc.a(fdevopen.o)
 .comment       0x0000005c       0x31 c:/program files (x86)/atmel/studio/7.0/toolchain/avr8/avr8-gnu-toolchain/bin/../lib/gcc/avr/4.9.2/../../../../avr/lib/avrxmega6\libc.a(fputc.o)
 .comment       0x0000005c       0x31 c:/program files (x86)/atmel/studio/7.0/toolchain/avr8/avr8-gnu-toolchain/bin/../lib/gcc/avr/4.9.2/../../../../avr/lib/avrxmega6\libc.a(iob.o)
 .comment       0x0000005c       0x31 c:/program files (x86)/atmel/studio/7.0/toolchain/avr8/avr8-gnu-toolchain/bin/../lib/gcc/avr/4.9.2/../../../../avr/lib/avrxmega6\libc.a(printf.o)
 .comment       0x0000005c       0x31 c:/program files (x86)/atmel/studio/7.0/toolchain/avr8/avr8-gnu-toolchain/bin/../lib/gcc/avr/4.9.2/../../../../avr/lib/avrxmega6\libc.a(calloc.o)
 .comment       0x0000005c       0x31 c:/program files (x86)/atmel/studio/7.0/toolchain/avr8/avr8-gnu-toolchain/bin/../lib/gcc/avr/4.9.2/../../../../avr/lib/avrxmega6\libc.a(malloc.o)

.note.gnu.avr.deviceinfo
                0x00000000       0x40
 .note.gnu.avr.deviceinfo
                0x00000000       0x40 c:/program files (x86)/atmel/studio/7.0/toolchain/avr8/avr8-gnu-toolchain/bin/../lib/gcc/avr/4.9.2/../../../../avr/lib/avrxmega6/crtatxmega256a3.o

.note.gnu.build-id
 *(.note.gnu.build-id)

.debug
 *(.debug)

.line
 *(.line)

.debug_srcinfo
 *(.debug_srcinfo)

.debug_sfnames
 *(.debug_sfnames)

.debug_aranges  0x00000000      0x218
 *(.debug_aranges)
 .debug_aranges
                0x00000000       0x30 src/ASF/common/services/clock/xmega/sysclk.o
 .debug_aranges
                0x00000030       0x20 src/ASF/common/services/ioport/xmega/ioport_compat.o
 .debug_aranges
                0x00000050       0x20 src/ASF/common/utils/stdio/read.o
 .debug_aranges
                0x00000070       0x20 src/ASF/common/utils/stdio/write.o
 .debug_aranges
                0x00000090       0x20 src/ASF/xmega/drivers/cpu/ccp.o
 .debug_aranges
                0x000000b0       0x58 src/ASF/xmega/drivers/usart/usart.o
 .debug_aranges
                0x00000108       0x58 src/drivers/MS56XX.o
 .debug_aranges
                0x00000160       0x48 src/drivers/SPI.o
 .debug_aranges
                0x000001a8       0x20 src/ASF/xmega/boards/xmega_a1_xplained/init.o
 .debug_aranges
                0x000001c8       0x30 src/drivers/uart_tools.o
 .debug_aranges
                0x000001f8       0x20 src/main.o

.debug_pubnames
 *(.debug_pubnames)

.debug_info     0x00000000     0xc6fb
 *(.debug_info .gnu.linkonce.wi.*)
 .debug_info    0x00000000     0x2c3e c:/program files (x86)/atmel/studio/7.0/toolchain/avr8/avr8-gnu-toolchain/bin/../lib/gcc/avr/4.9.2/../../../../avr/lib/avrxmega6/crtatxmega256a3.o
 .debug_info    0x00002c3e      0x67c src/ASF/common/services/clock/xmega/sysclk.o
 .debug_info    0x000032ba      0x11d src/ASF/common/services/ioport/xmega/ioport_compat.o
 .debug_info    0x000033d7      0x119 src/ASF/common/utils/stdio/read.o
 .debug_info    0x000034f0      0x119 src/ASF/common/utils/stdio/write.o
 .debug_info    0x00003609       0x95 src/ASF/xmega/drivers/cpu/ccp.o
 .debug_info    0x0000369e     0x2f70 src/ASF/xmega/drivers/usart/usart.o
 .debug_info    0x0000660e      0xae0 src/drivers/MS56XX.o
 .debug_info    0x000070ee     0x24e9 src/drivers/SPI.o
 .debug_info    0x000095d7       0x91 src/ASF/xmega/boards/xmega_a1_xplained/init.o
 .debug_info    0x00009668     0x2813 src/drivers/uart_tools.o
 .debug_info    0x0000be7b      0x880 src/main.o

.debug_abbrev   0x00000000     0x3e0d
 *(.debug_abbrev)
 .debug_abbrev  0x00000000     0x29e6 c:/program files (x86)/atmel/studio/7.0/toolchain/avr8/avr8-gnu-toolchain/bin/../lib/gcc/avr/4.9.2/../../../../avr/lib/avrxmega6/crtatxmega256a3.o
 .debug_abbrev  0x000029e6      0x25f src/ASF/common/services/clock/xmega/sysclk.o
 .debug_abbrev  0x00002c45       0x93 src/ASF/common/services/ioport/xmega/ioport_compat.o
 .debug_abbrev  0x00002cd8       0xc5 src/ASF/common/utils/stdio/read.o
 .debug_abbrev  0x00002d9d       0xa7 src/ASF/common/utils/stdio/write.o
 .debug_abbrev  0x00002e44       0x14 src/ASF/xmega/drivers/cpu/ccp.o
 .debug_abbrev  0x00002e58      0x3df src/ASF/xmega/drivers/usart/usart.o
 .debug_abbrev  0x00003237      0x343 src/drivers/MS56XX.o
 .debug_abbrev  0x0000357a      0x2d4 src/drivers/SPI.o
 .debug_abbrev  0x0000384e       0x47 src/ASF/xmega/boards/xmega_a1_xplained/init.o
 .debug_abbrev  0x00003895      0x33c src/drivers/uart_tools.o
 .debug_abbrev  0x00003bd1      0x23c src/main.o

.debug_line     0x00000000     0x4a03
 *(.debug_line .debug_line.* .debug_line_end)
 .debug_line    0x00000000       0x1a c:/program files (x86)/atmel/studio/7.0/toolchain/avr8/avr8-gnu-toolchain/bin/../lib/gcc/avr/4.9.2/../../../../avr/lib/avrxmega6/crtatxmega256a3.o
 .debug_line    0x0000001a      0x556 src/ASF/common/services/clock/xmega/sysclk.o
 .debug_line    0x00000570      0x460 src/ASF/common/services/ioport/xmega/ioport_compat.o
 .debug_line    0x000009d0      0x380 src/ASF/common/utils/stdio/read.o
 .debug_line    0x00000d50      0x387 src/ASF/common/utils/stdio/write.o
 .debug_line    0x000010d7       0x6e src/ASF/xmega/drivers/cpu/ccp.o
 .debug_line    0x00001145      0xca0 src/ASF/xmega/drivers/usart/usart.o
 .debug_line    0x00001de5      0xae0 src/drivers/MS56XX.o
 .debug_line    0x000028c5      0xa30 src/drivers/SPI.o
 .debug_line    0x000032f5      0x47e src/ASF/xmega/boards/xmega_a1_xplained/init.o
 .debug_line    0x00003773      0xaa4 src/drivers/uart_tools.o
 .debug_line    0x00004217      0x7ec src/main.o

.debug_frame    0x00000000      0x4bc
 *(.debug_frame)
 .debug_frame   0x00000000       0x44 src/ASF/common/services/clock/xmega/sysclk.o
 .debug_frame   0x00000044       0x30 src/ASF/common/services/ioport/xmega/ioport_compat.o
 .debug_frame   0x00000074       0x34 src/ASF/common/utils/stdio/read.o
 .debug_frame   0x000000a8       0x24 src/ASF/common/utils/stdio/write.o
 .debug_frame   0x000000cc      0x148 src/ASF/xmega/drivers/usart/usart.o
 .debug_frame   0x00000214      0x148 src/drivers/MS56XX.o
 .debug_frame   0x0000035c       0x88 src/drivers/SPI.o
 .debug_frame   0x000003e4       0x24 src/ASF/xmega/boards/xmega_a1_xplained/init.o
 .debug_frame   0x00000408       0x80 src/drivers/uart_tools.o
 .debug_frame   0x00000488       0x34 src/main.o

.debug_str      0x00000000    0x295ea
 *(.debug_str)
 .debug_str     0x00000000     0x1d78 c:/program files (x86)/atmel/studio/7.0/toolchain/avr8/avr8-gnu-toolchain/bin/../lib/gcc/avr/4.9.2/../../../../avr/lib/avrxmega6/crtatxmega256a3.o
 .debug_str     0x00001d78    0x2513d src/ASF/common/services/clock/xmega/sysclk.o
                              0x259a0 (size before relaxing)
 .debug_str     0x00026eb5      0x68c src/ASF/common/services/ioport/xmega/ioport_compat.o
                              0x24232 (size before relaxing)
 .debug_str     0x00027541       0x3e src/ASF/common/utils/stdio/read.o
                              0x23bd6 (size before relaxing)
 .debug_str     0x0002757f       0x35 src/ASF/common/utils/stdio/write.o
                              0x23bd8 (size before relaxing)
 .debug_str     0x000275b4      0xf3a src/ASF/xmega/drivers/usart/usart.o
                              0x26e16 (size before relaxing)
 .debug_str     0x000284ee      0xe4e src/drivers/MS56XX.o
                              0x26d40 (size before relaxing)
 .debug_str     0x0002933c       0x5c src/drivers/SPI.o
                              0x2730d (size before relaxing)
 .debug_str     0x00029398      0x110 src/ASF/xmega/boards/xmega_a1_xplained/init.o
                              0x25231 (size before relaxing)
 .debug_str     0x000294a8      0x114 src/drivers/uart_tools.o
                              0x275f8 (size before relaxing)
 .debug_str     0x000295bc       0x2e src/main.o
                              0x26dd7 (size before relaxing)

.debug_loc      0x00000000     0x2566
 *(.debug_loc)
 .debug_loc     0x00000000      0x183 src/ASF/common/services/clock/xmega/sysclk.o
 .debug_loc     0x00000183       0x66 src/ASF/common/services/ioport/xmega/ioport_compat.o
 .debug_loc     0x000001e9       0x6e src/ASF/common/utils/stdio/read.o
 .debug_loc     0x00000257       0x52 src/ASF/common/utils/stdio/write.o
 .debug_loc     0x000002a9     0x10ba src/ASF/xmega/drivers/usart/usart.o
 .debug_loc     0x00001363      0xab9 src/drivers/MS56XX.o
 .debug_loc     0x00001e1c      0x2de src/drivers/SPI.o
 .debug_loc     0x000020fa      0x3d4 src/drivers/uart_tools.o
 .debug_loc     0x000024ce       0x98 src/main.o

.debug_macinfo
 *(.debug_macinfo)

.debug_weaknames
 *(.debug_weaknames)

.debug_funcnames
 *(.debug_funcnames)

.debug_typenames
 *(.debug_typenames)

.debug_varnames
 *(.debug_varnames)

.debug_pubtypes
 *(.debug_pubtypes)

.debug_ranges   0x00000000      0x1e0
 *(.debug_ranges)
 .debug_ranges  0x00000000       0x20 src/ASF/common/services/clock/xmega/sysclk.o
 .debug_ranges  0x00000020       0x10 src/ASF/common/services/ioport/xmega/ioport_compat.o
 .debug_ranges  0x00000030       0x10 src/ASF/common/utils/stdio/read.o
 .debug_ranges  0x00000040       0x10 src/ASF/common/utils/stdio/write.o
 .debug_ranges  0x00000050       0x80 src/ASF/xmega/drivers/usart/usart.o
 .debug_ranges  0x000000d0       0x48 src/drivers/MS56XX.o
 .debug_ranges  0x00000118       0x38 src/drivers/SPI.o
 .debug_ranges  0x00000150       0x10 src/ASF/xmega/boards/xmega_a1_xplained/init.o
 .debug_ranges  0x00000160       0x70 src/drivers/uart_tools.o
 .debug_ranges  0x000001d0       0x10 src/main.o

.debug_macro    0x00000000     0x9b54
 *(.debug_macro)
 .debug_macro   0x00000000      0x1d2 src/ASF/common/services/clock/xmega/sysclk.o
 .debug_macro   0x000001d2      0xa84 src/ASF/common/services/clock/xmega/sysclk.o
 .debug_macro   0x00000c56       0x10 src/ASF/common/services/clock/xmega/sysclk.o
 .debug_macro   0x00000c66      0x1c9 src/ASF/common/services/clock/xmega/sysclk.o
 .debug_macro   0x00000e2f      0x2fc src/ASF/common/services/clock/xmega/sysclk.o
 .debug_macro   0x0000112b       0x9e src/ASF/common/services/clock/xmega/sysclk.o
 .debug_macro   0x000011c9     0x4e04 src/ASF/common/services/clock/xmega/sysclk.o
 .debug_macro   0x00005fcd       0x9a src/ASF/common/services/clock/xmega/sysclk.o
 .debug_macro   0x00006067       0xf1 src/ASF/common/services/clock/xmega/sysclk.o
 .debug_macro   0x00006158       0x34 src/ASF/common/services/clock/xmega/sysclk.o
 .debug_macro   0x0000618c       0x10 src/ASF/common/services/clock/xmega/sysclk.o
 .debug_macro   0x0000619c       0x18 src/ASF/common/services/clock/xmega/sysclk.o
 .debug_macro   0x000061b4       0x5e src/ASF/common/services/clock/xmega/sysclk.o
 .debug_macro   0x00006212       0x10 src/ASF/common/services/clock/xmega/sysclk.o
 .debug_macro   0x00006222       0x22 src/ASF/common/services/clock/xmega/sysclk.o
 .debug_macro   0x00006244      0x166 src/ASF/common/services/clock/xmega/sysclk.o
 .debug_macro   0x000063aa       0x1c src/ASF/common/services/clock/xmega/sysclk.o
 .debug_macro   0x000063c6       0x35 src/ASF/common/services/clock/xmega/sysclk.o
 .debug_macro   0x000063fb       0x66 src/ASF/common/services/clock/xmega/sysclk.o
 .debug_macro   0x00006461      0x621 src/ASF/common/services/clock/xmega/sysclk.o
 .debug_macro   0x00006a82       0x97 src/ASF/common/services/clock/xmega/sysclk.o
 .debug_macro   0x00006b19       0x17 src/ASF/common/services/clock/xmega/sysclk.o
 .debug_macro   0x00006b30      0x250 src/ASF/common/services/clock/xmega/sysclk.o
 .debug_macro   0x00006d80       0x76 src/ASF/common/services/clock/xmega/sysclk.o
 .debug_macro   0x00006df6       0x16 src/ASF/common/services/clock/xmega/sysclk.o
 .debug_macro   0x00006e0c      0x6e3 src/ASF/common/services/clock/xmega/sysclk.o
 .debug_macro   0x000074ef       0x10 src/ASF/common/services/clock/xmega/sysclk.o
 .debug_macro   0x000074ff      0x175 src/ASF/common/services/clock/xmega/sysclk.o
 .debug_macro   0x00007674       0x40 src/ASF/common/services/clock/xmega/sysclk.o
 .debug_macro   0x000076b4       0x69 src/ASF/common/services/clock/xmega/sysclk.o
 .debug_macro   0x0000771d       0x32 src/ASF/common/services/clock/xmega/sysclk.o
 .debug_macro   0x0000774f       0xe4 src/ASF/common/services/clock/xmega/sysclk.o
 .debug_macro   0x00007833       0x1c src/ASF/common/services/clock/xmega/sysclk.o
 .debug_macro   0x0000784f      0x279 src/ASF/common/services/clock/xmega/sysclk.o
 .debug_macro   0x00007ac8      0x17c src/ASF/common/services/clock/xmega/sysclk.o
 .debug_macro   0x00007c44       0x84 src/ASF/common/services/clock/xmega/sysclk.o
 .debug_macro   0x00007cc8       0x2f src/ASF/common/services/clock/xmega/sysclk.o
 .debug_macro   0x00007cf7      0x13f src/ASF/common/services/clock/xmega/sysclk.o
 .debug_macro   0x00007e36      0x193 src/ASF/common/services/ioport/xmega/ioport_compat.o
 .debug_macro   0x00007fc9       0x82 src/ASF/common/services/ioport/xmega/ioport_compat.o
 .debug_macro   0x0000804b      0x109 src/ASF/common/services/ioport/xmega/ioport_compat.o
 .debug_macro   0x00008154      0x16d src/ASF/common/utils/stdio/read.o
 .debug_macro   0x000082c1      0x16d src/ASF/common/utils/stdio/write.o
 .debug_macro   0x0000842e      0x221 src/ASF/xmega/drivers/usart/usart.o
 .debug_macro   0x0000864f      0x302 src/ASF/xmega/drivers/usart/usart.o
 .debug_macro   0x00008951      0x2cd src/drivers/MS56XX.o
 .debug_macro   0x00008c1e       0x34 src/drivers/MS56XX.o
 .debug_macro   0x00008c52       0x28 src/drivers/MS56XX.o
 .debug_macro   0x00008c7a       0x23 src/drivers/MS56XX.o
 .debug_macro   0x00008c9d       0x40 src/drivers/MS56XX.o
 .debug_macro   0x00008cdd       0x58 src/drivers/MS56XX.o
 .debug_macro   0x00008d35       0x10 src/drivers/MS56XX.o
 .debug_macro   0x00008d45       0xf2 src/drivers/MS56XX.o
 .debug_macro   0x00008e37       0x3a src/drivers/MS56XX.o
 .debug_macro   0x00008e71       0x1c src/drivers/MS56XX.o
 .debug_macro   0x00008e8d      0x2c3 src/drivers/SPI.o
 .debug_macro   0x00009150      0x1b5 src/ASF/xmega/boards/xmega_a1_xplained/init.o
 .debug_macro   0x00009305       0x34 src/ASF/xmega/boards/xmega_a1_xplained/init.o
 .debug_macro   0x00009339      0x273 src/ASF/xmega/boards/xmega_a1_xplained/init.o
 .debug_macro   0x000095ac      0x2c7 src/drivers/uart_tools.o
 .debug_macro   0x00009873      0x2e1 src/main.o
OUTPUT(MS56XX Polling Driver.elf elf32-avr)
LOAD linker stubs

.BOOT           0x00020000        0x0
